******************************************************************************
              TMS320C55x Linker PC v4.4.1                      
******************************************************************************
>> Linked Tue Dec 15 14:34:11 2020

OUTPUT FILE NAME:   <ex_proj.out>
ENTRY POINT SYMBOL: "_c_int00"  address: 0002630c


MEMORY CONFIGURATION

         name            origin    length      used     unused   attr    fill
                        (bytes)   (bytes)    (bytes)   (bytes)
----------------------  --------  ---------  --------  --------  ----  --------
PAGE 0:
  MMR                   00000000   000000c0  00000000  000000c0  RWIX
  DARAM0                000000c0   0000ff40  00006166  00009dda  RWIX
  SARAM0                00010000   00010000  00000000  00010000  RWIX
  SARAM1                00020000   00020000  0000649b  00019b65  RWIX
  SARAM2                00040000   0000fe00  00000580  0000f880  RWIX
  VECS                  0004fe00   00000200  00000100  00000100  RWIX
  PDROM                 00ff8000   00008000  00000000  00008000  R IX

PAGE 2:
  IOPORT                00000000   00020000  00000000  00020000  RWI 


SECTION ALLOCATION MAP
(Addresses surrounded by []'s are displayed for convenience only!)

output                                                          attributes/
section   page  orgn(bytes) orgn(words) len(bytes) len(words)   input sections
--------  ----  ----------- ----------- ---------- ----------   --------------
.pinit       0   [ 00040000 ]  00020000          *   00000000   UNINITIALIZED

.stack       0   [ 000000c0 ]  00000060          *   00001000   UNINITIALIZED
                 [ 000000c0 ]  00000060          *   00001000   --HOLE--

.data        0   [ 000000c0 ]  00000060          *   00000000   UNINITIALIZED

.sysstack 
*            0   [ 000020c0 ]  00001060          *   00000800   UNINITIALIZED
                 [ 000020c0 ]  00001060          *   00000800   --HOLE--

.sysmem      0   [ 000030c0 ]  00001860          *   00001000   UNINITIALIZED
                 [ 000030c0 ]  00001860          *   00001000   --HOLE--

.const       0   [ 000050c0 ]  00002860          *   00000549   
                 [ 000050c0 ]  00002860          *   00000236   PLL.obj (.const:.string)
                 [ 0000552c ]  00002a96          *   00000174   aic3204_init.obj (.const:.string)
                 [ 00005814 ]  00002c0a          *   00000101   rts55h.lib : ctype.obj (.const:__ctypes_)
                 [ 00005a16 ]  00002d0b          *   00000001   mainoffline_anf.obj (.const:_$P$T0$1)
                 [ 00005a18 ]  00002d0c          *   0000005f   mainoffline_anf.obj (.const:.string)
                 [ 00005ad6 ]  00002d6b          *   00000001   usbstk5505_i2c.obj (.const)
                 [ 00005ad8 ]  00002d6c          *   00000024   rts55h.lib : _printfi.obj (.const:.string)
                 [ 00005b20 ]  00002d90          *   0000000c              : _printfi.obj (.const)
                 [ 00005b38 ]  00002d9c          *   00000008              : divd.obj (.const:_initial_approx$1)
                 [ 00005b48 ]  00002da4          *   00000002              : fputs.obj (.const:.string)
                 [ 00005b4c ]  00002da6          *   00000002              : fltlid.obj (.const)
                 [ 00005b50 ]  00002da8          *   00000001   usbstk5515_i2c.obj (.const)

.bss.1       0   [ 00005b54 ]  00002daa          *   00000317   UNINITIALIZED
                 [ 00005b54 ]  00002daa          *   00000119   rts55h.lib : defs.obj (.bss)
                 [ 00005d86 ]  00002ec3          *   000000d0              : trgdrv.obj (.bss)
                 [ 00005f26 ]  00002f93          *   000000bc   oled5515.obj (.bss)
                 [ 0000609e ]  0000304f          *   00000001   rts55h.lib : fopen.obj (.bss)
                 [ 000060a0 ]  00003050          *   00000071              : lowlev.obj (.bss)

.bss.2       0   [ 00006184 ]  000030c2          *   00000049   UNINITIALIZED
                 [ 00006184 ]  000030c2          *   00000036   PLL.obj (.bss)
                 [ 000061f0 ]  000030f8          *   0000000c   pushbuttons5515.obj (.bss)
                 [ 00006208 ]  00003104          *   00000007   rts55h.lib : memory.obj (.bss)

.bss.3       0   [ 00006218 ]  0000310c          *   0000000a   UNINITIALIZED
                 [ 00006218 ]  0000310c          *   00000004   rts55h.lib : _lock.obj (.bss)
                 [ 00006220 ]  00003110          *   00000004              : exit.obj (.bss)
                 [ 00006228 ]  00003114          *   00000002   aic3204.obj (.bss)

.text        0     00020000  [ 00010000 ] 0000649b          *   
                   00020000  [ 00010000 ] 00001533          *   rts55h.lib : _printfi.obj (.text)
                   00021533  [ 00010a99+] 00000836          *   oled5515.obj (.text)
                   00021d69  [ 00010eb4+] 00000538          *   rts55h.lib : trgdrv.obj (.text)
                   000222a1  [ 00011150+] 00000533          *              : memory.obj (.text)
                   000227d4  [ 000113ea ] 00000518          *              : lowlev.obj (.text)
                   00022cec  [ 00011676 ] 0000050a          *   aic3204_init.obj (.text)
                   000231f6  [ 000118fb ] 000003c7          *   rts55h.lib : divd.obj (.text)
                   000235bd  [ 00011ade+] 000002e4          *   PLL.obj (.text)
                   000238a1  [ 00011c50+] 000002ad          *   CSLc55x5h.lib : csl_pll.obj (.text)
                   00023b4e  [ 00011da7 ] 0000027f          *   pushbuttons5515.obj (.text)
                   00023dcd  [ 00011ee6+] 0000026c          *   rts55h.lib : fopen.obj (.text)
                   00024039  [ 0001201c+] 0000025c          *              : llmpy.obj (.text)
                   00024295  [ 0001214a+] 00000257          *              : addd.obj (.text)
                   000244ec  [ 00012276 ] 00000226          *              : fwrite.obj (.text)
                   00024712  [ 00012389 ] 000001fa          *   bargraph5515.obj (.text)
                   0002490c  [ 00012486 ] 000001ea          *   rts55h.lib : cmpd.obj (.text)
                   00024af6  [ 0001257b ] 000001a7          *   usbstk5515_led.obj (.text)
                   00024c9d  [ 0001264e+] 0000017b          *   rts55h.lib : fputs.obj (.text)
                   00024e18  [ 0001270c ] 0000014b          *              : mpyd.obj (.text)
                   00024f63  [ 000127b1+] 00000148          *              : fread.obj (.text)
                   000250ab  [ 00012855+] 0000012d          *   usbstk5515_i2c.obj (.text)
                   000251d8  [ 000128ec ] 0000011a          *   usbstk5505_i2c.obj (.text)
                   000252f2  [ 00012979 ] 00000113          *   aic3204.obj (.text)
                   00025405  [ 00012a02+] 00000103          *   mainoffline_anf.obj (.text)
                   00025508  [ 00012a84 ] 00000101          *   usbstk5505_gpio.obj (.text)
                   00025609  [ 00012b04+] 000000f8          *   usbstk5515_gpio.obj (.text)
                   00025701  [ 00012b80+] 000000f3          *   rts55h.lib : setvbuf.obj (.text)
                   000257f4  [ 00012bfa ] 000000da          *              : _io_perm.obj (.text)
                   000258ce  [ 00012c67 ] 000000be          *              : trgmsg.obj (.text:CIO_breakpoint)
                   0002598c  [ 00012cc6 ] 000000ba          *              : fflush.obj (.text)
                   00025a46  [ 00012d23 ] 000000a6          *              : _bufread.obj (.text)
                   00025aec  [ 00012d76 ] 000000a2          *              : fputc.obj (.text)
                   00025b8e  [ 00012dc7 ] 000000a0          *              : divul.obj (.text)
                   00025c2e  [ 00012e17 ] 00000079          *              : ltoa.obj (.text)
                   00025ca7  [ 00012e53+] 00000076          *              : fclose.obj (.text)
                   00025d1d  [ 00012e8e+] 00000076          *              : frcmpyd.obj (.text)
                   00025d93  [ 00012ec9+] 00000073          *              : frcmpyd_div.obj (.text)
                   00025e06  [ 00012f03 ] 00000070          *              : remul.obj (.text)
                   00025e76  [ 00012f3b ] 0000006e          *              : fixdli.obj (.text)
                   00025ee4  [ 00012f72 ] 0000006b          *              : trgmsg.obj (.text)
                   00025f4f  [ 00012fa7+] 00000068          *              : fseek.obj (.text)
                   00025fb7  [ 00012fdb+] 00000067          *              : fltlid.obj (.text)
                   0002601e  [ 0001300f ] 00000059          *              : atoi.obj (.text)
                   00026077  [ 0001303b+] 00000056          *              : memcpy.obj (.text)
                   000260cd  [ 00013066+] 0000004e          *              : printf.obj (.text)
                   0002611b  [ 0001308d+] 0000004d          *              : autoinit.obj (.text)
                   00026168  [ 000130b4 ] 0000004b          *              : remli.obj (.text)
                   000261b3  [ 000130d9+] 00000049          *              : args_main.obj (.text)
                   000261fc  [ 000130fe ] 00000048          *              : divli.obj (.text)
                   00026244  [ 00013122 ] 00000045          *   usbstk5505.obj (.text)
                   00026289  [ 00013144+] 00000045          *   usbstk5515.obj (.text)
                   000262ce  [ 00013167 ] 0000003e          *   rts55h.lib : exit.obj (.text)
                   0002630c  [ 00013186 ] 00000034          *              : boot.obj (.text)
                   00026340  [ 000131a0 ] 0000002a          *              : fixdi.obj (.text)
                   0002636a  [ 000131b5 ] 0000002a          *              : udiv.obj (.text)
                   00026394  [ 000131ca ] 00000024          *   anf.obj (.text)
                   000263b8  [ 000131dc ] 00000022          *   rts55h.lib : memccpy.obj (.text)
                   000263da  [ 000131ed ] 0000001f          *              : memset.obj (.text)
                   000263f9  [ 000131fc+] 0000001f          *   usbstk5505_led.obj (.text)
                   00026418  [ 0001320c ] 0000001a          *   rts55h.lib : isinf.obj (.text)
                   00026432  [ 00013219 ] 00000014          *              : subd.obj (.text)
                   00026446  [ 00013223 ] 00000013          *              : lmpy.obj (.text)
                   00026459  [ 0001322c+] 00000012          *              : _lock.obj (.text)
                   0002646b  [ 00013235+] 00000010          *              : negd.obj (.text)
                   0002647b  [ 0001323d+] 0000000c          *   stereo.obj (.text)
                   00026487  [ 00013243+] 0000000a          *   rts55h.lib : remove.obj (.text)
                   00026491  [ 00013248+] 00000007          *              : exit.obj (.text:CIO_breakpoint)
                   00026498  [ 0001324c ] 00000002          *              : vectors.obj (.text)
                   0002649a  [ 0001324d ] 00000001          *   --HOLE-- [fill = 20]

.cinit       0   [ 00040000 ]  00020000          *   000001a0   
                 [ 00040000 ]  00020000          *   000000c2   oled5515.obj (.cinit)
                 [ 00040184 ]  000200c2          *   00000046   PLL.obj (.cinit)
                 [ 00040210 ]  00020108          *   0000002d   rts55h.lib : lowlev.obj (.cinit)
                 [ 0004026a ]  00020135          *   0000002a              : defs.obj (.cinit)
                 [ 000402be ]  0002015f          *   00000024   pushbuttons5515.obj (.cinit)
                 [ 00040306 ]  00020183          *   0000000a   rts55h.lib : _lock.obj (.cinit)
                 [ 0004031a ]  0002018d          *   0000000a              : exit.obj (.cinit)
                 [ 0004032e ]  00020197          *   00000004              : fopen.obj (.cinit)
                 [ 00040336 ]  0002019b          *   00000004              : memory.obj (.cinit)
                 [ 0004033e ]  0002019f          *   00000001   --HOLE-- [fill = 0]

.cio         0   [ 00040340 ]  000201a0          *   00000120   UNINITIALIZED
                 [ 00040340 ]  000201a0          *   00000120   rts55h.lib : trgmsg.obj (.cio)

vectors      0     0004fe00  [ 00027f00 ] 00000100          *   
                   0004fe00  [ 00027f00 ] 00000100          *   rts55h.lib : vectors.obj (vectors)


GLOBAL SYMBOLS: SORTED ALPHABETICALLY BY Name 

abs. value/
byte addr   word addr   name
---------   ---------   ----
00000002                $TI_capability$C5500$CallingConvention
00000008                $TI_capability$C5500$MemoryModel
00000001                $TI_capability_requires_rev3
ffffffff                .bss
ffffffff                .data
ffffffff                .text
00026492                C$$EXIT
00025987                C$$IO$$
00026446                I$$LMPY
0002636a                I$$UDIV
0002637f                I$$UMOD
000253c2                _AIC3204_rget
00025322                _AIC3204_rset
00022243                _HOSTclock
000221d8                _HOSTclose
00022123                _HOSTlseek
00022082                _HOSTopen
00021ff7                _HOSTread
00021f3e                _HOSTrename
00021ee0                _HOSTtime
00021e74                _HOSTunlink
00021de9                _HOSTwrite
00021868                _OSD9616_multiSend
00021533                _OSD9616_send
00023a93                _PLL_bypass
00023903                _PLL_config
00023a2c                _PLL_enable
000238cb                _PLL_init
00023ae2                _PLL_reset
0004fe00                _Reset
00023db5                _SAR_init
000255cf                _USBSTK5505_GPIO_getInput
000255cb                _USBSTK5505_GPIO_init
00025565                _USBSTK5505_GPIO_setDirection
00025508                _USBSTK5505_GPIO_setOutput
000251d8                _USBSTK5505_I2C_close
000251e1                _USBSTK5505_I2C_init
0002528b                _USBSTK5505_I2C_read
00025200                _USBSTK5505_I2C_reset
00025224                _USBSTK5505_I2C_write
0002640f                _USBSTK5505_LED_init
00026404                _USBSTK5505_LED_off
000263f9                _USBSTK5505_LED_on
0002627b                _USBSTK5505_init
00026244                _USBSTK5505_wait
0002626f                _USBSTK5505_waitusec
000256c7                _USBSTK5515_GPIO_getInput
000256c3                _USBSTK5515_GPIO_init
00025666                _USBSTK5515_GPIO_setDirection
00025609                _USBSTK5515_GPIO_setOutput
000250ab                _USBSTK5515_I2C_close
000250b4                _USBSTK5515_I2C_init
00025171                _USBSTK5515_I2C_read
000250d3                _USBSTK5515_I2C_reset
000250f7                _USBSTK5515_I2C_write
00024c94                _USBSTK5515_LED_init
00024c89                _USBSTK5515_LED_off
00024c7e                _USBSTK5515_LED_on
00024af6                _USBSTK5515_ULED_getall
00024c4f                _USBSTK5515_ULED_init
00024c1d                _USBSTK5515_ULED_off
00024be9                _USBSTK5515_ULED_on
00024b41                _USBSTK5515_ULED_setall
00024baf                _USBSTK5515_ULED_toggle
000262c0                _USBSTK5515_init
00026289                _USBSTK5515_wait
000262b4                _USBSTK5515_waitusec
            000201a0    __CIOBUF_
            00001060    __STACK_END
00002000                __STACK_SIZE
00002000                __SYSMEM_SIZE
00001000                __SYSSTACK_SIZE
00000001                __TI_args_main
ffffffff                ___binit__
ffffffff                ___bss__
ffffffff                ___c_args__
            00020000    ___cinit__
ffffffff                ___data__
ffffffff                ___edata__
ffffffff                ___end__
ffffffff                ___etext__
00026418                ___isinf
ffffffff                ___pinit__
ffffffff                ___text__
00024295                __addd
000261b3                __args_main
00025a46                __buff_read
00023ee2                __cleanup
            00003110    __cleanup_ptr
00024a9e                __cmpd
            00002c0a    __ctypes_
000231f6                __divd
000261fc                __divli
00024261                __divlli
0002636a                __divu
00025b8e                __divul
0002416d                __divull
0002598c                __doflush
            00003112    __dtors_ptr
00024a6a                __eqld
00026340                __fixdi
00025e76                __fixdli
00025fb7                __fltlid
00025d1d                __frcmpyd
00025d93                __frcmpyd_div
            00002ec2    __ft_end
            00002daa    __ftable
00024a20                __geqd
000249d5                __gtrd
00024988                __leqd
            0000310c    __lock
00024940                __lssd
00024e18                __mpyd
00026446                __mpyli
000240b6                __mpylli
0002646b                __negd
0002490c                __neqd
00026469                __nop
00021315                __printfi
00025871                __rd_ok
00026461                __register_lock
00026459                __register_unlock
00026168                __remli
00024087                __remlli
0002637f                __remu
00025e06                __remul
00024039                __remull
            00000060    __stack
00026432                __subd
            00001860    __sys_memory
            00001060    __sysstack
            00002e22    __tmpnams
            0000310e    __unlock
000257f4                __wrt_ok
00026491                _abort
00022c04                _add_device
00025388                _aic3204_codec_read
00025358                _aic3204_codec_write
0002533c                _aic3204_disable
000252f2                _aic3204_hardware_init
00023024                _aic3204_init
00026394                _anf
0002601e                _atoi
0002611b                _auto_init
00024870                _bargraph_12dB
000247d4                _bargraph_3dB
00024738                _bargraph_6dB
0002630c                _c_int00
00022788                _calloc
            00002f93    _character_set
00022780                _chkheap
00022b94                _close
            00003114    _counter1
            00003115    _counter2
000262ce                _exit
00025ca7                _fclose
000259ee                _fflush
00022b8b                _find_registered_device
00024000                _fopen
00025aec                _fputc
00024c9d                _fputs
00024f63                _fread
000222a1                _free
00022719                _free_memory
00023f3a                _freopen
00025f4f                _fseek
000244ec                _fwrite
00021d69                _getenv
            000030cc    _hPll
00022b27                _lseek
00025c2e                _ltoa
00025405                _main
000223e5                _malloc
000226af                _max_free
000263b8                _memccpy
00026077                _memcpy
000263da                _memset
00022373                _minit
            00002ffb    _number_set
00021c79                _oled_display_bargraph
00021a45                _oled_display_message
0002197c                _oled_display_picture
000218a6                _oled_display_waveform
00021650                _oled_init
00022a6a                _open
            000030f6    _pConfigInfo
            000030c8    _pllCfg1
            000030ee    _pllCfg_100MHz
            000030f2    _pllCfg_120MHz
            000030d6    _pllCfg_12MHz
            000030da    _pllCfg_12p288MHz
            000030ce    _pllCfg_1MHz
            000030d2    _pllCfg_2MHz
            000030de    _pllCfg_40MHz
            000030e2    _pllCfg_60MHz
            000030e6    _pllCfg_75MHz
            000030ea    _pllCfg_98MHz
            000030c2    _pllObj
000235bd                _pll_frequency_setup
0002154d                _printCharacter
00021585                _printMessage
000260cd                _printf
00023c52                _pushbuttons_read
00023b4e                _pushbuttons_read_raw
00025aec                _putc
00025b7f                _putchar
00024dec                _puts
000229c0                _read
00025ee4                _readmsg
000224e6                _realloc
00026487                _remove
0002298c                _remove_device
00022935                _rename
00022cec                _set_sampling_frequency_and_gain
00025701                _setvbuf
00024712                _spectrum_analyser_display
0002647b                _stereo_to_mono
00022901                _unlink
000227d4                _write
000258ce                _writemsg
ffffffff                binit
            00020000    cinit
ffffffff                edata
ffffffff                end
ffffffff                etext
ffffffff                pinit


GLOBAL SYMBOLS: SORTED BY Symbol Address 

abs. value/
byte addr   word addr   name
---------   ---------   ----
00000001                $TI_capability_requires_rev3
00000001                __TI_args_main
00000002                $TI_capability$C5500$CallingConvention
00000008                $TI_capability$C5500$MemoryModel
            00000060    __stack
00001000                __SYSSTACK_SIZE
00002000                __STACK_SIZE
00002000                __SYSMEM_SIZE
            00001060    __STACK_END
            00001060    __sysstack
            00001860    __sys_memory
            00002c0a    __ctypes_
            00002daa    __ftable
            00002e22    __tmpnams
            00002ec2    __ft_end
            00002f93    _character_set
            00002ffb    _number_set
            000030c2    _pllObj
            000030c8    _pllCfg1
            000030cc    _hPll
            000030ce    _pllCfg_1MHz
            000030d2    _pllCfg_2MHz
            000030d6    _pllCfg_12MHz
            000030da    _pllCfg_12p288MHz
            000030de    _pllCfg_40MHz
            000030e2    _pllCfg_60MHz
            000030e6    _pllCfg_75MHz
            000030ea    _pllCfg_98MHz
            000030ee    _pllCfg_100MHz
            000030f2    _pllCfg_120MHz
            000030f6    _pConfigInfo
            0000310c    __lock
            0000310e    __unlock
            00003110    __cleanup_ptr
            00003112    __dtors_ptr
            00003114    _counter1
            00003115    _counter2
00021315                __printfi
00021533                _OSD9616_send
0002154d                _printCharacter
00021585                _printMessage
00021650                _oled_init
00021868                _OSD9616_multiSend
000218a6                _oled_display_waveform
0002197c                _oled_display_picture
00021a45                _oled_display_message
00021c79                _oled_display_bargraph
00021d69                _getenv
00021de9                _HOSTwrite
00021e74                _HOSTunlink
00021ee0                _HOSTtime
00021f3e                _HOSTrename
00021ff7                _HOSTread
00022082                _HOSTopen
00022123                _HOSTlseek
000221d8                _HOSTclose
00022243                _HOSTclock
000222a1                _free
00022373                _minit
000223e5                _malloc
000224e6                _realloc
000226af                _max_free
00022719                _free_memory
00022780                _chkheap
00022788                _calloc
000227d4                _write
00022901                _unlink
00022935                _rename
0002298c                _remove_device
000229c0                _read
00022a6a                _open
00022b27                _lseek
00022b8b                _find_registered_device
00022b94                _close
00022c04                _add_device
00022cec                _set_sampling_frequency_and_gain
00023024                _aic3204_init
000231f6                __divd
000235bd                _pll_frequency_setup
000238cb                _PLL_init
00023903                _PLL_config
00023a2c                _PLL_enable
00023a93                _PLL_bypass
00023ae2                _PLL_reset
00023b4e                _pushbuttons_read_raw
00023c52                _pushbuttons_read
00023db5                _SAR_init
00023ee2                __cleanup
00023f3a                _freopen
00024000                _fopen
00024039                __remull
00024087                __remlli
000240b6                __mpylli
0002416d                __divull
00024261                __divlli
00024295                __addd
000244ec                _fwrite
00024712                _spectrum_analyser_display
00024738                _bargraph_6dB
000247d4                _bargraph_3dB
00024870                _bargraph_12dB
0002490c                __neqd
00024940                __lssd
00024988                __leqd
000249d5                __gtrd
00024a20                __geqd
00024a6a                __eqld
00024a9e                __cmpd
00024af6                _USBSTK5515_ULED_getall
00024b41                _USBSTK5515_ULED_setall
00024baf                _USBSTK5515_ULED_toggle
00024be9                _USBSTK5515_ULED_on
00024c1d                _USBSTK5515_ULED_off
00024c4f                _USBSTK5515_ULED_init
00024c7e                _USBSTK5515_LED_on
00024c89                _USBSTK5515_LED_off
00024c94                _USBSTK5515_LED_init
00024c9d                _fputs
00024dec                _puts
00024e18                __mpyd
00024f63                _fread
000250ab                _USBSTK5515_I2C_close
000250b4                _USBSTK5515_I2C_init
000250d3                _USBSTK5515_I2C_reset
000250f7                _USBSTK5515_I2C_write
00025171                _USBSTK5515_I2C_read
000251d8                _USBSTK5505_I2C_close
000251e1                _USBSTK5505_I2C_init
00025200                _USBSTK5505_I2C_reset
00025224                _USBSTK5505_I2C_write
0002528b                _USBSTK5505_I2C_read
000252f2                _aic3204_hardware_init
00025322                _AIC3204_rset
0002533c                _aic3204_disable
00025358                _aic3204_codec_write
00025388                _aic3204_codec_read
000253c2                _AIC3204_rget
00025405                _main
00025508                _USBSTK5505_GPIO_setOutput
00025565                _USBSTK5505_GPIO_setDirection
000255cb                _USBSTK5505_GPIO_init
000255cf                _USBSTK5505_GPIO_getInput
00025609                _USBSTK5515_GPIO_setOutput
00025666                _USBSTK5515_GPIO_setDirection
000256c3                _USBSTK5515_GPIO_init
000256c7                _USBSTK5515_GPIO_getInput
00025701                _setvbuf
000257f4                __wrt_ok
00025871                __rd_ok
000258ce                _writemsg
00025987                C$$IO$$
0002598c                __doflush
000259ee                _fflush
00025a46                __buff_read
00025aec                _fputc
00025aec                _putc
00025b7f                _putchar
00025b8e                __divul
00025c2e                _ltoa
00025ca7                _fclose
00025d1d                __frcmpyd
00025d93                __frcmpyd_div
00025e06                __remul
00025e76                __fixdli
00025ee4                _readmsg
00025f4f                _fseek
00025fb7                __fltlid
0002601e                _atoi
00026077                _memcpy
000260cd                _printf
0002611b                _auto_init
00026168                __remli
000261b3                __args_main
000261fc                __divli
00026244                _USBSTK5505_wait
0002626f                _USBSTK5505_waitusec
0002627b                _USBSTK5505_init
00026289                _USBSTK5515_wait
000262b4                _USBSTK5515_waitusec
000262c0                _USBSTK5515_init
000262ce                _exit
0002630c                _c_int00
00026340                __fixdi
0002636a                I$$UDIV
0002636a                __divu
0002637f                I$$UMOD
0002637f                __remu
00026394                _anf
000263b8                _memccpy
000263da                _memset
000263f9                _USBSTK5505_LED_on
00026404                _USBSTK5505_LED_off
0002640f                _USBSTK5505_LED_init
00026418                ___isinf
00026432                __subd
00026446                I$$LMPY
00026446                __mpyli
00026459                __register_unlock
00026461                __register_lock
00026469                __nop
0002646b                __negd
0002647b                _stereo_to_mono
00026487                _remove
00026491                _abort
00026492                C$$EXIT
            00020000    ___cinit__
            00020000    cinit
            000201a0    __CIOBUF_
0004fe00                _Reset
ffffffff                .bss
ffffffff                .data
ffffffff                .text
ffffffff                ___binit__
ffffffff                ___bss__
ffffffff                ___c_args__
ffffffff                ___data__
ffffffff                ___edata__
ffffffff                ___end__
ffffffff                ___etext__
ffffffff                ___pinit__
ffffffff                ___text__
ffffffff                binit
ffffffff                edata
ffffffff                end
ffffffff                etext
ffffffff                pinit

[226 symbols]
