******************************************************************************
              TMS320C55x Linker PC v4.4.1                      
******************************************************************************
>> Linked Tue Dec 15 19:07:01 2020

OUTPUT FILE NAME:   <ex_proj.out>
ENTRY POINT SYMBOL: "_c_int00"  address: 00016496


MEMORY CONFIGURATION

         name            origin    length      used     unused   attr    fill
                        (bytes)   (bytes)    (bytes)   (bytes)
----------------------  --------  ---------  --------  --------  ----  --------
  MMR                   00000000   000000c0  00000000  000000c0  RWIX
  DARAM0                000000c0   00001f40  00001670  000008d0  RWIX
  DARAM1                00002000   00002000  00000000  00002000  RWIX
  DARAM2                00004000   00002000  00000000  00002000  RWIX
  DARAM3                00006000   00002000  00000000  00002000  RWIX
  DARAM4                00008000   00002000  00000400  00001c00  RWIX
  DARAM5                0000a000   00002000  000006d8  00001928  RWIX
  DARAM6                0000c000   00002000  00000000  00002000  RWIX
  DARAM7                0000e000   00002000  00000000  00002000  RWIX
  SARAM0                00010000   00002000  00001fff  00000001  RWIX
  SARAM1                00012000   00002000  00001fff  00000001  RWIX
  SARAM2                00014000   00002000  00002000  00000000  RWIX
  SARAM3                00016000   00002000  000005e8  00001a18  RWIX
  SARAM4                00018000   00002000  00000000  00002000  RWIX
  SARAM5                0001a000   00002000  00000000  00002000  RWIX
  SARAM6                0001c000   00002000  00000000  00002000  RWIX
  SARAM7                0001e000   00002000  00000000  00002000  RWIX
  SARAM8                00020000   00002000  00000000  00002000  RWIX
  SARAM9                00022000   00002000  00000000  00002000  RWIX
  SARAM10               00024000   00002000  00000000  00002000  RWIX
  SARAM11               00026000   00002000  00000000  00002000  RWIX
  SARAM12               00028000   00002000  00000000  00002000  RWIX
  SARAM13               0002a000   00002000  00000000  00002000  RWIX
  SARAM14               0002c000   00002000  00000000  00002000  RWIX
  SARAM15               0002e000   00002000  00000000  00002000  RWIX
  SARAM16               00030000   00002000  00000000  00002000  RWIX
  SARAM17               00032000   00002000  00000000  00002000  RWIX
  SARAM18               00034000   00002000  00000000  00002000  RWIX
  SARAM19               00036000   00002000  00000000  00002000  RWIX
  SARAM20               00038000   00002000  00000000  00002000  RWIX
  SARAM21               0003a000   00002000  00000000  00002000  RWIX
  SARAM22               0003c000   00002000  00000000  00002000  RWIX
  SARAM23               0003e000   00002000  00000000  00002000  RWIX
  SARAM24               00040000   00002000  00000000  00002000  RWIX
  SARAM25               00042000   00002000  00000000  00002000  RWIX
  SARAM26               00044000   00002000  00000000  00002000  RWIX
  SARAM27               00046000   00002000  00000000  00002000  RWIX
  SARAM28               00048000   00002000  00000000  00002000  RWIX
  SARAM29               0004a000   00002000  00000000  00002000  RWIX
  SARAM30               0004c000   00002000  00000000  00002000  RWIX
  SARAM31               0004e000   00002000  00000000  00002000  RWIX
  CS0                   00050000   007b0000  00000000  007b0000  RWIX
  CS2                   00800000   00400000  00000000  00400000  RWIX
  CS3                   00c00000   00200000  00000000  00200000  RWIX
  CS4                   00e00000   00100000  00000000  00100000  RWIX
  CS5                   00f00000   000e0000  00000000  000e0000  RWIX
  ROM                   00fe0000   0001ff00  00000000  0001ff00  RWIX
  VECS                  00ffff00   00000100  00000100  00000000  RWIX


SECTION ALLOCATION MAP
(Addresses surrounded by []'s are displayed for convenience only!)

output                                                          attributes/
section   page  orgn(bytes) orgn(words) len(bytes) len(words)   input sections
--------  ----  ----------- ----------- ---------- ----------   --------------
.const       0   [ 000000c0 ]  00000060          *   00000674   
                 [ 000000c0 ]  00000060          *   00000236   PLL.obj (.const:.string)
                 [ 0000052c ]  00000296          *   00000174   aic3204_init.obj (.const:.string)
                 [ 00000814 ]  0000040a          *   00000121   main.obj (.const:.string)
                 [ 00000a56 ]  0000052b          *   00000101   rts55h.lib : ctype.obj (.const:__ctypes_)
                 [ 00000c58 ]  0000062c          *   00000067              : perror.obj (.const:.string)
                 [ 00000d26 ]  00000693          *   00000001   main.obj (.const:_$P$T0$1)
                 [ 00000d28 ]  00000694          *   00000024   rts55h.lib : _printfi.obj (.const:.string)
                 [ 00000d70 ]  000006b8          *   0000000c              : _printfi.obj (.const)
                 [ 00000d88 ]  000006c4          *   00000008              : divd.obj (.const:_initial_approx$1)
                 [ 00000d98 ]  000006cc          *   00000002              : fputs.obj (.const:.string)
                 [ 00000d9c ]  000006ce          *   00000002   main.obj (.const:_$P$T1$2)
                 [ 00000da0 ]  000006d0          *   00000002   rts55h.lib : fltlid.obj (.const)
                 [ 00000da4 ]  000006d2          *   00000001   usbstk5505_i2c.obj (.const)
                 [ 00000da6 ]  000006d3          *   00000001   usbstk5515_i2c.obj (.const)

.cinit       0   [ 00000da8 ]  000006d4          *   000001a4   
                 [ 00000da8 ]  000006d4          *   000000c2   oled5515.obj (.cinit)
                 [ 00000f2c ]  00000796          *   00000046   PLL.obj (.cinit)
                 [ 00000fb8 ]  000007dc          *   0000002d   rts55h.lib : lowlev.obj (.cinit)
                 [ 00001012 ]  00000809          *   0000002a              : defs.obj (.cinit)
                 [ 00001066 ]  00000833          *   00000024   pushbuttons5515.obj (.cinit)
                 [ 000010ae ]  00000857          *   0000000a   rts55h.lib : _lock.obj (.cinit)
                 [ 000010c2 ]  00000861          *   0000000a              : exit.obj (.cinit)
                 [ 000010d6 ]  0000086b          *   00000004              : errno.obj (.cinit)
                 [ 000010de ]  0000086f          *   00000004              : fopen.obj (.cinit)
                 [ 000010e6 ]  00000873          *   00000004              : memory.obj (.cinit)
                 [ 000010ee ]  00000877          *   00000001   --HOLE-- [fill = 0]

.cio         0   [ 000010f0 ]  00000878          *   00000120   UNINITIALIZED
                 [ 000010f0 ]  00000878          *   00000120   rts55h.lib : trgmsg.obj (.cio)

.stack       0   [ 00001330 ]  00000998          *   00000100   UNINITIALIZED
                 [ 00001330 ]  00000998          *   00000100   --HOLE--

.sysstack 
*            0   [ 00001530 ]  00000a98          *   00000100   UNINITIALIZED
                 [ 00001530 ]  00000a98          *   00000100   --HOLE--

.sysmem      0   [ 00008000 ]  00004000          *   00000200   UNINITIALIZED
                 [ 00008000 ]  00004000          *   00000200   --HOLE--

.data        0   [ 00008000 ]  00004000          *   00000000   UNINITIALIZED

.bss         0   [ 0000a000 ]  00005000          *   0000036c   UNINITIALIZED
                 [ 0000a000 ]  00005000          *   00000119   rts55h.lib : defs.obj (.bss)
                 [ 0000a232 ]  00005119          *   000000d0              : trgdrv.obj (.bss)
                 [ 0000a3d2 ]  000051e9          *   000000bc   oled5515.obj (.bss)
                 [ 0000a54a ]  000052a5          *   00000001   rts55h.lib : errno.obj (.bss)
                 [ 0000a54c ]  000052a6          *   00000071              : lowlev.obj (.bss)
                 [ 0000a62e ]  00005317          *   00000001              : fopen.obj (.bss)
                 [ 0000a630 ]  00005318          *   00000036   PLL.obj (.bss)
                 [ 0000a69c ]  0000534e          *   0000000c   pushbuttons5515.obj (.bss)
                 [ 0000a6b4 ]  0000535a          *   00000007   rts55h.lib : memory.obj (.bss)
                 [ 0000a6c2 ]  00005361          *   00000001   --HOLE--
                 [ 0000a6c4 ]  00005362          *   00000004              : _lock.obj (.bss)
                 [ 0000a6cc ]  00005366          *   00000004              : exit.obj (.bss)
                 [ 0000a6d4 ]  0000536a          *   00000002   aic3204.obj (.bss)

.text.1      0     00010000  [ 00008000 ] 00001fff          *   
                   00010000  [ 00008000 ] 00001533          *   rts55h.lib : _printfi.obj (.text)
                   00011533  [ 00008a99+] 00000836          *   oled5515.obj (.text)
                   00011d69  [ 00008eb4+] 0000027f          *   pushbuttons5515.obj (.text)
                   00011fe8  [ 00008ff4 ] 00000014          *   rts55h.lib : subd.obj (.text)
                   00011ffc  [ 00008ffe ] 00000002          *              : vectors.obj (.text)
                   00011ffe  [ 00008fff ] 00000001          *   --HOLE-- [fill = 20]

.text.2      0     00012000  [ 00009000 ] 00001fff          *   
                   00012000  [ 00009000 ] 00000538          *   rts55h.lib : trgdrv.obj (.text)
                   00012538  [ 0000929c ] 00000533          *              : memory.obj (.text)
                   00012a6b  [ 00009535+] 00000518          *              : lowlev.obj (.text)
                   00012f83  [ 000097c1+] 0000050a          *   aic3204_init.obj (.text)
                   0001348d  [ 00009a46+] 000003c7          *   rts55h.lib : divd.obj (.text)
                   00013854  [ 00009c2a ] 000002e4          *   PLL.obj (.text)
                   00013b38  [ 00009d9c ] 000002ad          *   CSLc55x5h.lib : csl_pll.obj (.text)
                   00013de5  [ 00009ef2+] 000001fa          *   bargraph5515.obj (.text)
                   00013fdf  [ 00009fef+] 0000001f          *   rts55h.lib : memset.obj (.text)
                   00013ffe  [ 00009fff ] 00000001          *   --HOLE-- [fill = 20]

.text.3      0     00014000  [ 0000a000 ] 00002000          *   
                   00014000  [ 0000a000 ] 0000026c          *   rts55h.lib : fopen.obj (.text)
                   0001426c  [ 0000a136 ] 0000025c          *              : llmpy.obj (.text)
                   000144c8  [ 0000a264 ] 00000257          *              : addd.obj (.text)
                   0001471f  [ 0000a38f+] 00000226          *              : fwrite.obj (.text)
                   00014945  [ 0000a4a2+] 000001ea          *              : cmpd.obj (.text)
                   00014b2f  [ 0000a597+] 000001a7          *   usbstk5515_led.obj (.text)
                   00014cd6  [ 0000a66b ] 000001a4          *   main.obj (.text)
                   00014e7a  [ 0000a73d ] 0000017b          *   rts55h.lib : fputs.obj (.text)
                   00014ff5  [ 0000a7fa+] 0000014b          *              : mpyd.obj (.text)
                   00015140  [ 0000a8a0 ] 00000148          *              : fread.obj (.text)
                   00015288  [ 0000a944 ] 0000012d          *   usbstk5515_i2c.obj (.text)
                   000153b5  [ 0000a9da+] 0000011a          *   usbstk5505_i2c.obj (.text)
                   000154cf  [ 0000aa67+] 00000113          *   aic3204.obj (.text)
                   000155e2  [ 0000aaf1 ] 00000101          *   usbstk5505_gpio.obj (.text)
                   000156e3  [ 0000ab71+] 000000f8          *   usbstk5515_gpio.obj (.text)
                   000157db  [ 0000abed+] 000000f3          *   rts55h.lib : setvbuf.obj (.text)
                   000158ce  [ 0000ac67 ] 000000da          *              : _io_perm.obj (.text)
                   000159a8  [ 0000acd4 ] 000000be          *              : trgmsg.obj (.text:CIO_breakpoint)
                   00015a66  [ 0000ad33 ] 000000ba          *              : fflush.obj (.text)
                   00015b20  [ 0000ad90 ] 000000a6          *              : _bufread.obj (.text)
                   00015bc6  [ 0000ade3 ] 000000a2          *              : fputc.obj (.text)
                   00015c68  [ 0000ae34 ] 000000a0          *              : divul.obj (.text)
                   00015d08  [ 0000ae84 ] 0000009d          *              : perror.obj (.text)
                   00015da5  [ 0000aed2+] 00000079          *              : ltoa.obj (.text)
                   00015e1e  [ 0000af0f ] 00000076          *              : fclose.obj (.text)
                   00015e94  [ 0000af4a ] 00000076          *              : frcmpyd.obj (.text)
                   00015f0a  [ 0000af85 ] 00000073          *              : frcmpyd_div.obj (.text)
                   00015f7d  [ 0000afbe+] 00000070          *              : remul.obj (.text)
                   00015fed  [ 0000aff6+] 00000012          *              : _lock.obj (.text)
                   00015fff  [ 0000afff ] 00000001          *   --HOLE-- [fill = 20]

.text.4      0     00016000  [ 0000b000 ] 000005e8          *   
                   00016000  [ 0000b000 ] 0000006e          *   rts55h.lib : fixdli.obj (.text)
                   0001606e  [ 0000b037 ] 0000006b          *              : trgmsg.obj (.text)
                   000160d9  [ 0000b06c+] 00000068          *              : fseek.obj (.text)
                   00016141  [ 0000b0a0+] 00000067          *              : fltlid.obj (.text)
                   000161a8  [ 0000b0d4 ] 00000059          *              : atoi.obj (.text)
                   00016201  [ 0000b100+] 00000056          *              : memcpy.obj (.text)
                   00016257  [ 0000b12b+] 0000004e          *              : printf.obj (.text)
                   000162a5  [ 0000b152+] 0000004d          *              : autoinit.obj (.text)
                   000162f2  [ 0000b179 ] 0000004b          *              : remli.obj (.text)
                   0001633d  [ 0000b19e+] 00000049          *              : args_main.obj (.text)
                   00016386  [ 0000b1c3 ] 00000048          *              : divli.obj (.text)
                   000163ce  [ 0000b1e7 ] 00000045          *   usbstk5505.obj (.text)
                   00016413  [ 0000b209+] 00000045          *   usbstk5515.obj (.text)
                   00016458  [ 0000b22c ] 0000003e          *   rts55h.lib : exit.obj (.text)
                   00016496  [ 0000b24b ] 00000034          *              : boot.obj (.text)
                   000164ca  [ 0000b265 ] 0000002a          *              : fixdi.obj (.text)
                   000164f4  [ 0000b27a ] 0000002a          *              : udiv.obj (.text)
                   0001651e  [ 0000b28f ] 00000024          *   anf.obj (.text)
                   00016542  [ 0000b2a1 ] 00000022          *   rts55h.lib : memccpy.obj (.text)
                   00016564  [ 0000b2b2 ] 0000001f          *   usbstk5505_led.obj (.text)
                   00016583  [ 0000b2c1+] 0000001a          *   rts55h.lib : isinf.obj (.text)
                   0001659d  [ 0000b2ce+] 00000013          *              : lmpy.obj (.text)
                   000165b0  [ 0000b2d8 ] 00000010          *              : negd.obj (.text)
                   000165c0  [ 0000b2e0 ] 0000000c          *   stereo.obj (.text)
                   000165cc  [ 0000b2e6 ] 0000000a          *   rts55h.lib : ferror.obj (.text)
                   000165d6  [ 0000b2eb ] 0000000a          *              : remove.obj (.text)
                   000165e0  [ 0000b2f0 ] 00000007          *              : exit.obj (.text:CIO_breakpoint)
                   000165e7  [ 0000b2f3 ] 00000001          *   --HOLE-- [fill = 20]

vectors      0     00ffff00  [ 007fff80 ] 00000100          *   NOLOAD SECTION
                   00ffff00  [ 007fff80 ] 00000100          *   rts55h.lib : vectors.obj (vectors)


GLOBAL SYMBOLS: SORTED ALPHABETICALLY BY Name 

abs. value/
byte addr   word addr   name
---------   ---------   ----
00000002                $TI_capability$C5500$CallingConvention
00000008                $TI_capability$C5500$MemoryModel
00000001                $TI_capability_requires_rev3
            00005000    .bss
            00004000    .data
ffffffff                .text
000165e1                C$$EXIT
00015a61                C$$IO$$
0001659d                I$$LMPY
000164f4                I$$UDIV
00016509                I$$UMOD
0001559f                _AIC3204_rget
000154ff                _AIC3204_rset
000124da                _HOSTclock
0001246f                _HOSTclose
000123ba                _HOSTlseek
00012319                _HOSTopen
0001228e                _HOSTread
000121d5                _HOSTrename
00012177                _HOSTtime
0001210b                _HOSTunlink
00012080                _HOSTwrite
00011868                _OSD9616_multiSend
00011533                _OSD9616_send
00013d2a                _PLL_bypass
00013b9a                _PLL_config
00013cc3                _PLL_enable
00013b62                _PLL_init
00013d79                _PLL_reset
00ffff00                _Reset
00011fd0                _SAR_init
000156a9                _USBSTK5505_GPIO_getInput
000156a5                _USBSTK5505_GPIO_init
0001563f                _USBSTK5505_GPIO_setDirection
000155e2                _USBSTK5505_GPIO_setOutput
000153b5                _USBSTK5505_I2C_close
000153be                _USBSTK5505_I2C_init
00015468                _USBSTK5505_I2C_read
000153dd                _USBSTK5505_I2C_reset
00015401                _USBSTK5505_I2C_write
0001657a                _USBSTK5505_LED_init
0001656f                _USBSTK5505_LED_off
00016564                _USBSTK5505_LED_on
00016405                _USBSTK5505_init
000163ce                _USBSTK5505_wait
000163f9                _USBSTK5505_waitusec
000157a1                _USBSTK5515_GPIO_getInput
0001579d                _USBSTK5515_GPIO_init
00015740                _USBSTK5515_GPIO_setDirection
000156e3                _USBSTK5515_GPIO_setOutput
00015288                _USBSTK5515_I2C_close
00015291                _USBSTK5515_I2C_init
0001534e                _USBSTK5515_I2C_read
000152b0                _USBSTK5515_I2C_reset
000152d4                _USBSTK5515_I2C_write
00014ccd                _USBSTK5515_LED_init
00014cc2                _USBSTK5515_LED_off
00014cb7                _USBSTK5515_LED_on
00014b2f                _USBSTK5515_ULED_getall
00014c88                _USBSTK5515_ULED_init
00014c56                _USBSTK5515_ULED_off
00014c22                _USBSTK5515_ULED_on
00014b7a                _USBSTK5515_ULED_setall
00014be8                _USBSTK5515_ULED_toggle
0001644a                _USBSTK5515_init
00016413                _USBSTK5515_wait
0001643e                _USBSTK5515_waitusec
            00000878    __CIOBUF_
            00000a98    __STACK_END
00000200                __STACK_SIZE
00000400                __SYSMEM_SIZE
00000200                __SYSSTACK_SIZE
00000001                __TI_args_main
ffffffff                ___binit__
            00005000    ___bss__
ffffffff                ___c_args__
            000006d4    ___cinit__
            00004000    ___data__
            00004000    ___edata__
            0000536c    ___end__
ffffffff                ___etext__
00016583                ___isinf
ffffffff                ___pinit__
ffffffff                ___text__
000144c8                __addd
0001633d                __args_main
00015b20                __buff_read
00014115                __cleanup
            00005366    __cleanup_ptr
00014ad7                __cmpd
            0000052b    __ctypes_
0001348d                __divd
00016386                __divli
00014494                __divlli
000164f4                __divu
00015c68                __divul
000143a0                __divull
00015a66                __doflush
            00005368    __dtors_ptr
00014aa3                __eqld
000164ca                __fixdi
00016000                __fixdli
00016141                __fltlid
00015e94                __frcmpyd
00015f0a                __frcmpyd_div
            00005118    __ft_end
            00005000    __ftable
00014a59                __geqd
00014a0e                __gtrd
000149c1                __leqd
            00005362    __lock
00014979                __lssd
00014ff5                __mpyd
0001659d                __mpyli
000142e9                __mpylli
000165b0                __negd
00014945                __neqd
00015ffd                __nop
00011315                __printfi
0001594b                __rd_ok
00015ff5                __register_lock
00015fed                __register_unlock
000162f2                __remli
000142ba                __remlli
00016509                __remu
00015f7d                __remul
0001426c                __remull
            00000998    __stack
00011fe8                __subd
            00004000    __sys_memory
            00000a98    __sysstack
            00005078    __tmpnams
            00005364    __unlock
000158ce                __wrt_ok
000165e0                _abort
00012e9b                _add_device
00015565                _aic3204_codec_read
00015535                _aic3204_codec_write
00015519                _aic3204_disable
000154cf                _aic3204_hardware_init
000132bb                _aic3204_init
0001651e                _anf
000161a8                _atoi
000162a5                _auto_init
00013f43                _bargraph_12dB
00013ea7                _bargraph_3dB
00013e0b                _bargraph_6dB
00016496                _c_int00
00012a1f                _calloc
            000051e9    _character_set
00012a17                _chkheap
00012e2b                _close
            0000536a    _counter1
            0000536b    _counter2
            000052a5    _errno
00016458                _exit
00015e1e                _fclose
000165cc                _ferror
00015ac8                _fflush
00012e22                _find_registered_device
00014233                _fopen
00015bc6                _fputc
00014e7a                _fputs
00015140                _fread
00012538                _free
000129b0                _free_memory
0001416d                _freopen
000160d9                _fseek
0001471f                _fwrite
00012000                _getenv
            00005322    _hPll
00012dbe                _lseek
00015da5                _ltoa
00014cd6                _main
0001267c                _malloc
00012946                _max_free
00016542                _memccpy
00016201                _memcpy
00013fdf                _memset
0001260a                _minit
            00005251    _number_set
00011c79                _oled_display_bargraph
00011a45                _oled_display_message
0001197c                _oled_display_picture
000118a6                _oled_display_waveform
00011650                _oled_init
00012d01                _open
            0000534c    _pConfigInfo
00015d08                _perror
            0000531e    _pllCfg1
            00005344    _pllCfg_100MHz
            00005348    _pllCfg_120MHz
            0000532c    _pllCfg_12MHz
            00005330    _pllCfg_12p288MHz
            00005324    _pllCfg_1MHz
            00005328    _pllCfg_2MHz
            00005334    _pllCfg_40MHz
            00005338    _pllCfg_60MHz
            0000533c    _pllCfg_75MHz
            00005340    _pllCfg_98MHz
            00005318    _pllObj
00013854                _pll_frequency_setup
0001154d                _printCharacter
00011585                _printMessage
00016257                _printf
00011e6d                _pushbuttons_read
00011d69                _pushbuttons_read_raw
00015bc6                _putc
00015c59                _putchar
00014fc9                _puts
00012c57                _read
0001606e                _readmsg
0001277d                _realloc
000165d6                _remove
00012c23                _remove_device
00012bcc                _rename
00012f83                _set_sampling_frequency_and_gain
000157db                _setvbuf
00013de5                _spectrum_analyser_display
000165c0                _stereo_to_mono
00012b98                _unlink
00012a6b                _write
000159a8                _writemsg
ffffffff                binit
            000006d4    cinit
            00004000    edata
            0000536c    end
ffffffff                etext
ffffffff                pinit


GLOBAL SYMBOLS: SORTED BY Symbol Address 

abs. value/
byte addr   word addr   name
---------   ---------   ----
00000001                $TI_capability_requires_rev3
00000001                __TI_args_main
00000002                $TI_capability$C5500$CallingConvention
00000008                $TI_capability$C5500$MemoryModel
00000200                __STACK_SIZE
00000200                __SYSSTACK_SIZE
00000400                __SYSMEM_SIZE
            0000052b    __ctypes_
            000006d4    ___cinit__
            000006d4    cinit
            00000878    __CIOBUF_
            00000998    __stack
            00000a98    __STACK_END
            00000a98    __sysstack
            00004000    .data
            00004000    ___data__
            00004000    ___edata__
            00004000    __sys_memory
            00004000    edata
            00005000    .bss
            00005000    ___bss__
            00005000    __ftable
            00005078    __tmpnams
            00005118    __ft_end
            000051e9    _character_set
            00005251    _number_set
            000052a5    _errno
            00005318    _pllObj
            0000531e    _pllCfg1
            00005322    _hPll
            00005324    _pllCfg_1MHz
            00005328    _pllCfg_2MHz
            0000532c    _pllCfg_12MHz
            00005330    _pllCfg_12p288MHz
            00005334    _pllCfg_40MHz
            00005338    _pllCfg_60MHz
            0000533c    _pllCfg_75MHz
            00005340    _pllCfg_98MHz
            00005344    _pllCfg_100MHz
            00005348    _pllCfg_120MHz
            0000534c    _pConfigInfo
            00005362    __lock
            00005364    __unlock
            00005366    __cleanup_ptr
            00005368    __dtors_ptr
            0000536a    _counter1
            0000536b    _counter2
            0000536c    ___end__
            0000536c    end
00011315                __printfi
00011533                _OSD9616_send
0001154d                _printCharacter
00011585                _printMessage
00011650                _oled_init
00011868                _OSD9616_multiSend
000118a6                _oled_display_waveform
0001197c                _oled_display_picture
00011a45                _oled_display_message
00011c79                _oled_display_bargraph
00011d69                _pushbuttons_read_raw
00011e6d                _pushbuttons_read
00011fd0                _SAR_init
00011fe8                __subd
00012000                _getenv
00012080                _HOSTwrite
0001210b                _HOSTunlink
00012177                _HOSTtime
000121d5                _HOSTrename
0001228e                _HOSTread
00012319                _HOSTopen
000123ba                _HOSTlseek
0001246f                _HOSTclose
000124da                _HOSTclock
00012538                _free
0001260a                _minit
0001267c                _malloc
0001277d                _realloc
00012946                _max_free
000129b0                _free_memory
00012a17                _chkheap
00012a1f                _calloc
00012a6b                _write
00012b98                _unlink
00012bcc                _rename
00012c23                _remove_device
00012c57                _read
00012d01                _open
00012dbe                _lseek
00012e22                _find_registered_device
00012e2b                _close
00012e9b                _add_device
00012f83                _set_sampling_frequency_and_gain
000132bb                _aic3204_init
0001348d                __divd
00013854                _pll_frequency_setup
00013b62                _PLL_init
00013b9a                _PLL_config
00013cc3                _PLL_enable
00013d2a                _PLL_bypass
00013d79                _PLL_reset
00013de5                _spectrum_analyser_display
00013e0b                _bargraph_6dB
00013ea7                _bargraph_3dB
00013f43                _bargraph_12dB
00013fdf                _memset
00014115                __cleanup
0001416d                _freopen
00014233                _fopen
0001426c                __remull
000142ba                __remlli
000142e9                __mpylli
000143a0                __divull
00014494                __divlli
000144c8                __addd
0001471f                _fwrite
00014945                __neqd
00014979                __lssd
000149c1                __leqd
00014a0e                __gtrd
00014a59                __geqd
00014aa3                __eqld
00014ad7                __cmpd
00014b2f                _USBSTK5515_ULED_getall
00014b7a                _USBSTK5515_ULED_setall
00014be8                _USBSTK5515_ULED_toggle
00014c22                _USBSTK5515_ULED_on
00014c56                _USBSTK5515_ULED_off
00014c88                _USBSTK5515_ULED_init
00014cb7                _USBSTK5515_LED_on
00014cc2                _USBSTK5515_LED_off
00014ccd                _USBSTK5515_LED_init
00014cd6                _main
00014e7a                _fputs
00014fc9                _puts
00014ff5                __mpyd
00015140                _fread
00015288                _USBSTK5515_I2C_close
00015291                _USBSTK5515_I2C_init
000152b0                _USBSTK5515_I2C_reset
000152d4                _USBSTK5515_I2C_write
0001534e                _USBSTK5515_I2C_read
000153b5                _USBSTK5505_I2C_close
000153be                _USBSTK5505_I2C_init
000153dd                _USBSTK5505_I2C_reset
00015401                _USBSTK5505_I2C_write
00015468                _USBSTK5505_I2C_read
000154cf                _aic3204_hardware_init
000154ff                _AIC3204_rset
00015519                _aic3204_disable
00015535                _aic3204_codec_write
00015565                _aic3204_codec_read
0001559f                _AIC3204_rget
000155e2                _USBSTK5505_GPIO_setOutput
0001563f                _USBSTK5505_GPIO_setDirection
000156a5                _USBSTK5505_GPIO_init
000156a9                _USBSTK5505_GPIO_getInput
000156e3                _USBSTK5515_GPIO_setOutput
00015740                _USBSTK5515_GPIO_setDirection
0001579d                _USBSTK5515_GPIO_init
000157a1                _USBSTK5515_GPIO_getInput
000157db                _setvbuf
000158ce                __wrt_ok
0001594b                __rd_ok
000159a8                _writemsg
00015a61                C$$IO$$
00015a66                __doflush
00015ac8                _fflush
00015b20                __buff_read
00015bc6                _fputc
00015bc6                _putc
00015c59                _putchar
00015c68                __divul
00015d08                _perror
00015da5                _ltoa
00015e1e                _fclose
00015e94                __frcmpyd
00015f0a                __frcmpyd_div
00015f7d                __remul
00015fed                __register_unlock
00015ff5                __register_lock
00015ffd                __nop
00016000                __fixdli
0001606e                _readmsg
000160d9                _fseek
00016141                __fltlid
000161a8                _atoi
00016201                _memcpy
00016257                _printf
000162a5                _auto_init
000162f2                __remli
0001633d                __args_main
00016386                __divli
000163ce                _USBSTK5505_wait
000163f9                _USBSTK5505_waitusec
00016405                _USBSTK5505_init
00016413                _USBSTK5515_wait
0001643e                _USBSTK5515_waitusec
0001644a                _USBSTK5515_init
00016458                _exit
00016496                _c_int00
000164ca                __fixdi
000164f4                I$$UDIV
000164f4                __divu
00016509                I$$UMOD
00016509                __remu
0001651e                _anf
00016542                _memccpy
00016564                _USBSTK5505_LED_on
0001656f                _USBSTK5505_LED_off
0001657a                _USBSTK5505_LED_init
00016583                ___isinf
0001659d                I$$LMPY
0001659d                __mpyli
000165b0                __negd
000165c0                _stereo_to_mono
000165cc                _ferror
000165d6                _remove
000165e0                _abort
000165e1                C$$EXIT
00ffff00                _Reset
ffffffff                .text
ffffffff                ___binit__
ffffffff                ___c_args__
ffffffff                ___etext__
ffffffff                ___pinit__
ffffffff                ___text__
ffffffff                binit
ffffffff                etext
ffffffff                pinit

[229 symbols]
