******************************************************************************
              TMS320C55x Linker PC v4.4.1                      
******************************************************************************
>> Linked Wed Dec 16 16:01:36 2020

OUTPUT FILE NAME:   <ex_proj.out>
ENTRY POINT SYMBOL: "_c_int00"  address: 0002647b


MEMORY CONFIGURATION

         name            origin    length      used     unused   attr    fill
                        (bytes)   (bytes)    (bytes)   (bytes)
----------------------  --------  ---------  --------  --------  ----  --------
PAGE 0:
  MMR                   00000000   000000c0  00000000  000000c0  RWIX
  DARAM0                000000c0   0000ff40  0000631e  00009c22  RWIX
  SARAM0                00010000   00010000  00000000  00010000  RWIX
  SARAM1                00020000   00020000  000065f0  00019a10  RWIX
  SARAM2                00040000   0000fe00  00000588  0000f878  RWIX
  VECS                  0004fe00   00000200  00000100  00000100  RWIX
  PDROM                 00ff8000   00008000  00000000  00008000  R IX

PAGE 2:
  IOPORT                00000000   00020000  00000000  00020000  RWI 


SECTION ALLOCATION MAP
(Addresses surrounded by []'s are displayed for convenience only!)

output                                                          attributes/
section   page  orgn(bytes) orgn(words) len(bytes) len(words)   input sections
--------  ----  ----------- ----------- ---------- ----------   --------------
.pinit       0   [ 00040000 ]  00020000          *   00000000   UNINITIALIZED

.stack       0   [ 000000c0 ]  00000060          *   00001000   UNINITIALIZED
                 [ 000000c0 ]  00000060          *   00001000   --HOLE--

.data        0   [ 000000c0 ]  00000060          *   00000000   UNINITIALIZED

.sysstack 
*            0   [ 000020c0 ]  00001060          *   00000800   UNINITIALIZED
                 [ 000020c0 ]  00001060          *   00000800   --HOLE--

.sysmem      0   [ 000030c0 ]  00001860          *   00001000   UNINITIALIZED
                 [ 000030c0 ]  00001860          *   00001000   --HOLE--

.const       0   [ 000050c0 ]  00002860          *   00000624   
                 [ 000050c0 ]  00002860          *   00000236   PLL.obj (.const:.string)
                 [ 0000552c ]  00002a96          *   00000174   aic3204_init.obj (.const:.string)
                 [ 00005814 ]  00002c0a          *   00000101   rts55h.lib : ctype.obj (.const:__ctypes_)
                 [ 00005a16 ]  00002d0b          *   00000001   main.obj (.const:_$P$T0$1)
                 [ 00005a18 ]  00002d0c          *   000000cf   main.obj (.const:.string)
                 [ 00005bb6 ]  00002ddb          *   00000001   usbstk5505_i2c.obj (.const)
                 [ 00005bb8 ]  00002ddc          *   00000067   rts55h.lib : perror.obj (.const:.string)
                 [ 00005c86 ]  00002e43          *   00000001   usbstk5515_i2c.obj (.const)
                 [ 00005c88 ]  00002e44          *   00000024   rts55h.lib : _printfi.obj (.const:.string)
                 [ 00005cd0 ]  00002e68          *   0000000c              : _printfi.obj (.const)
                 [ 00005ce8 ]  00002e74          *   00000008              : divd.obj (.const:_initial_approx$1)
                 [ 00005cf8 ]  00002e7c          *   00000002              : fputs.obj (.const:.string)
                 [ 00005cfc ]  00002e7e          *   00000002   main.obj (.const:_$P$T1$2)
                 [ 00005d00 ]  00002e80          *   00000002   anf.obj (.const)
                 [ 00005d04 ]  00002e82          *   00000002   rts55h.lib : fltlid.obj (.const)

.bss.1       0   [ 00005d08 ]  00002e84          *   00000361   UNINITIALIZED
                 [ 00005d08 ]  00002e84          *   00000119   rts55h.lib : defs.obj (.bss)
                 [ 00005f3a ]  00002f9d          *   000000d0              : trgdrv.obj (.bss)
                 [ 000060da ]  0000306d          *   000000bc   oled5515.obj (.bss)
                 [ 00006252 ]  00003129          *   00000001   rts55h.lib : errno.obj (.bss)
                 [ 00006254 ]  0000312a          *   00000071              : lowlev.obj (.bss)
                 [ 00006336 ]  0000319b          *   00000001              : fopen.obj (.bss)
                 [ 00006338 ]  0000319c          *   00000036   PLL.obj (.bss)
                 [ 000063a4 ]  000031d2          *   0000000c   pushbuttons5515.obj (.bss)
                 [ 000063bc ]  000031de          *   00000007   rts55h.lib : memory.obj (.bss)

.bss.2       0   [ 000063cc ]  000031e6          *   0000000a   UNINITIALIZED
                 [ 000063cc ]  000031e6          *   00000004   rts55h.lib : _lock.obj (.bss)
                 [ 000063d4 ]  000031ea          *   00000004              : exit.obj (.bss)
                 [ 000063dc ]  000031ee          *   00000002   aic3204.obj (.bss)

.text        0     00020000  [ 00010000 ] 000065f0          *   
                   00020000  [ 00010000 ] 00001533          *   rts55h.lib : _printfi.obj (.text)
                   00021533  [ 00010a99+] 00000836          *   oled5515.obj (.text)
                   00021d69  [ 00010eb4+] 00000538          *   rts55h.lib : trgdrv.obj (.text)
                   000222a1  [ 00011150+] 00000533          *              : memory.obj (.text)
                   000227d4  [ 000113ea ] 00000518          *              : lowlev.obj (.text)
                   00022cec  [ 00011676 ] 0000050a          *   aic3204_init.obj (.text)
                   000231f6  [ 000118fb ] 000003c7          *   rts55h.lib : divd.obj (.text)
                   000235bd  [ 00011ade+] 000002e4          *   PLL.obj (.text)
                   000238a1  [ 00011c50+] 000002ad          *   CSLc55x5h.lib : csl_pll.obj (.text)
                   00023b4e  [ 00011da7 ] 0000027f          *   pushbuttons5515.obj (.text)
                   00023dcd  [ 00011ee6+] 0000026c          *   rts55h.lib : fopen.obj (.text)
                   00024039  [ 0001201c+] 0000025c          *              : llmpy.obj (.text)
                   00024295  [ 0001214a+] 00000257          *              : addd.obj (.text)
                   000244ec  [ 00012276 ] 00000226          *              : fwrite.obj (.text)
                   00024712  [ 00012389 ] 000001fa          *   bargraph5515.obj (.text)
                   0002490c  [ 00012486 ] 000001ea          *   rts55h.lib : cmpd.obj (.text)
                   00024af6  [ 0001257b ] 000001a7          *   usbstk5515_led.obj (.text)
                   00024c9d  [ 0001264e+] 0000017b          *   rts55h.lib : fputs.obj (.text)
                   00024e18  [ 0001270c ] 0000015b          *   main.obj (.text)
                   00024f73  [ 000127b9+] 0000014b          *   rts55h.lib : mpyd.obj (.text)
                   000250be  [ 0001285f ] 00000148          *              : fread.obj (.text)
                   00025206  [ 00012903 ] 0000012d          *   usbstk5515_i2c.obj (.text)
                   00025333  [ 00012999+] 0000011a          *   usbstk5505_i2c.obj (.text)
                   0002544d  [ 00012a26+] 00000113          *   aic3204.obj (.text)
                   00025560  [ 00012ab0 ] 00000101          *   usbstk5505_gpio.obj (.text)
                   00025661  [ 00012b30+] 000000f8          *   usbstk5515_gpio.obj (.text)
                   00025759  [ 00012bac+] 000000f3          *   rts55h.lib : setvbuf.obj (.text)
                   0002584c  [ 00012c26 ] 000000da          *              : _io_perm.obj (.text)
                   00025926  [ 00012c93 ] 000000be          *              : trgmsg.obj (.text:CIO_breakpoint)
                   000259e4  [ 00012cf2 ] 000000ba          *              : fflush.obj (.text)
                   00025a9e  [ 00012d4f ] 000000a6          *              : _bufread.obj (.text)
                   00025b44  [ 00012da2 ] 000000a2          *              : fputc.obj (.text)
                   00025be6  [ 00012df3 ] 000000a0          *              : divul.obj (.text)
                   00025c86  [ 00012e43 ] 0000009d          *              : perror.obj (.text)
                   00025d23  [ 00012e91+] 0000007a          *   anf.obj (.text)
                   00025d9d  [ 00012ece+] 00000079          *   rts55h.lib : ltoa.obj (.text)
                   00025e16  [ 00012f0b ] 00000076          *              : fclose.obj (.text)
                   00025e8c  [ 00012f46 ] 00000076          *              : frcmpyd.obj (.text)
                   00025f02  [ 00012f81 ] 00000073          *              : frcmpyd_div.obj (.text)
                   00025f75  [ 00012fba+] 00000070          *              : remul.obj (.text)
                   00025fe5  [ 00012ff2+] 0000006e          *              : fixdli.obj (.text)
                   00026053  [ 00013029+] 0000006b          *              : trgmsg.obj (.text)
                   000260be  [ 0001305f ] 00000068          *              : fseek.obj (.text)
                   00026126  [ 00013093 ] 00000067          *              : fltlid.obj (.text)
                   0002618d  [ 000130c6+] 00000059          *              : atoi.obj (.text)
                   000261e6  [ 000130f3 ] 00000056          *              : memcpy.obj (.text)
                   0002623c  [ 0001311e ] 0000004e          *              : printf.obj (.text)
                   0002628a  [ 00013145 ] 0000004d          *              : autoinit.obj (.text)
                   000262d7  [ 0001316b+] 0000004b          *              : remli.obj (.text)
                   00026322  [ 00013191 ] 00000049          *              : args_main.obj (.text)
                   0002636b  [ 000131b5+] 00000048          *              : divli.obj (.text)
                   000263b3  [ 000131d9+] 00000045          *   usbstk5505.obj (.text)
                   000263f8  [ 000131fc ] 00000045          *   usbstk5515.obj (.text)
                   0002643d  [ 0001321e+] 0000003e          *   rts55h.lib : exit.obj (.text)
                   0002647b  [ 0001323d+] 00000034          *              : boot.obj (.text)
                   000264af  [ 00013257+] 0000002a          *              : fixdi.obj (.text)
                   000264d9  [ 0001326c+] 0000002a          *              : udiv.obj (.text)
                   00026503  [ 00013281+] 00000022          *              : memccpy.obj (.text)
                   00026525  [ 00013292+] 0000001f          *              : memset.obj (.text)
                   00026544  [ 000132a2 ] 0000001f          *   usbstk5505_led.obj (.text)
                   00026563  [ 000132b1+] 0000001a          *   rts55h.lib : isinf.obj (.text)
                   0002657d  [ 000132be+] 00000014          *              : subd.obj (.text)
                   00026591  [ 000132c8+] 00000013          *              : lmpy.obj (.text)
                   000265a4  [ 000132d2 ] 00000012          *              : _lock.obj (.text)
                   000265b6  [ 000132db ] 00000010          *              : negd.obj (.text)
                   000265c6  [ 000132e3 ] 0000000c          *   stereo.obj (.text)
                   000265d2  [ 000132e9 ] 0000000a          *   rts55h.lib : ferror.obj (.text)
                   000265dc  [ 000132ee ] 0000000a          *              : remove.obj (.text)
                   000265e6  [ 000132f3 ] 00000007          *              : exit.obj (.text:CIO_breakpoint)
                   000265ed  [ 000132f6+] 00000002          *              : vectors.obj (.text)
                   000265ef  [ 000132f7 ] 00000001          *   --HOLE-- [fill = 20]

.cinit       0   [ 00040000 ]  00020000          *   000001a4   
                 [ 00040000 ]  00020000          *   000000c2   oled5515.obj (.cinit)
                 [ 00040184 ]  000200c2          *   00000046   PLL.obj (.cinit)
                 [ 00040210 ]  00020108          *   0000002d   rts55h.lib : lowlev.obj (.cinit)
                 [ 0004026a ]  00020135          *   0000002a              : defs.obj (.cinit)
                 [ 000402be ]  0002015f          *   00000024   pushbuttons5515.obj (.cinit)
                 [ 00040306 ]  00020183          *   0000000a   rts55h.lib : _lock.obj (.cinit)
                 [ 0004031a ]  0002018d          *   0000000a              : exit.obj (.cinit)
                 [ 0004032e ]  00020197          *   00000004              : errno.obj (.cinit)
                 [ 00040336 ]  0002019b          *   00000004              : fopen.obj (.cinit)
                 [ 0004033e ]  0002019f          *   00000004              : memory.obj (.cinit)
                 [ 00040346 ]  000201a3          *   00000001   --HOLE-- [fill = 0]

.cio         0   [ 00040348 ]  000201a4          *   00000120   UNINITIALIZED
                 [ 00040348 ]  000201a4          *   00000120   rts55h.lib : trgmsg.obj (.cio)

vectors      0     0004fe00  [ 00027f00 ] 00000100          *   
                   0004fe00  [ 00027f00 ] 00000100          *   rts55h.lib : vectors.obj (vectors)


GLOBAL SYMBOLS: SORTED ALPHABETICALLY BY Name 

abs. value/
byte addr   word addr   name
---------   ---------   ----
00000002                $TI_capability$C5500$CallingConvention
00000008                $TI_capability$C5500$MemoryModel
00000001                $TI_capability_requires_rev3
ffffffff                .bss
ffffffff                .data
ffffffff                .text
000265e7                C$$EXIT
000259df                C$$IO$$
00026591                I$$LMPY
000264d9                I$$UDIV
000264ee                I$$UMOD
0002551d                _AIC3204_rget
0002547d                _AIC3204_rset
00022243                _HOSTclock
000221d8                _HOSTclose
00022123                _HOSTlseek
00022082                _HOSTopen
00021ff7                _HOSTread
00021f3e                _HOSTrename
00021ee0                _HOSTtime
00021e74                _HOSTunlink
00021de9                _HOSTwrite
00021868                _OSD9616_multiSend
00021533                _OSD9616_send
00023a93                _PLL_bypass
00023903                _PLL_config
00023a2c                _PLL_enable
000238cb                _PLL_init
00023ae2                _PLL_reset
0004fe00                _Reset
00023db5                _SAR_init
00025627                _USBSTK5505_GPIO_getInput
00025623                _USBSTK5505_GPIO_init
000255bd                _USBSTK5505_GPIO_setDirection
00025560                _USBSTK5505_GPIO_setOutput
00025333                _USBSTK5505_I2C_close
0002533c                _USBSTK5505_I2C_init
000253e6                _USBSTK5505_I2C_read
0002535b                _USBSTK5505_I2C_reset
0002537f                _USBSTK5505_I2C_write
0002655a                _USBSTK5505_LED_init
0002654f                _USBSTK5505_LED_off
00026544                _USBSTK5505_LED_on
000263ea                _USBSTK5505_init
000263b3                _USBSTK5505_wait
000263de                _USBSTK5505_waitusec
0002571f                _USBSTK5515_GPIO_getInput
0002571b                _USBSTK5515_GPIO_init
000256be                _USBSTK5515_GPIO_setDirection
00025661                _USBSTK5515_GPIO_setOutput
00025206                _USBSTK5515_I2C_close
0002520f                _USBSTK5515_I2C_init
000252cc                _USBSTK5515_I2C_read
0002522e                _USBSTK5515_I2C_reset
00025252                _USBSTK5515_I2C_write
00024c94                _USBSTK5515_LED_init
00024c89                _USBSTK5515_LED_off
00024c7e                _USBSTK5515_LED_on
00024af6                _USBSTK5515_ULED_getall
00024c4f                _USBSTK5515_ULED_init
00024c1d                _USBSTK5515_ULED_off
00024be9                _USBSTK5515_ULED_on
00024b41                _USBSTK5515_ULED_setall
00024baf                _USBSTK5515_ULED_toggle
0002642f                _USBSTK5515_init
000263f8                _USBSTK5515_wait
00026423                _USBSTK5515_waitusec
            000201a4    __CIOBUF_
            00001060    __STACK_END
00002000                __STACK_SIZE
00002000                __SYSMEM_SIZE
00001000                __SYSSTACK_SIZE
00000001                __TI_args_main
ffffffff                ___binit__
ffffffff                ___bss__
ffffffff                ___c_args__
            00020000    ___cinit__
ffffffff                ___data__
ffffffff                ___edata__
ffffffff                ___end__
ffffffff                ___etext__
00026563                ___isinf
ffffffff                ___pinit__
ffffffff                ___text__
00024295                __addd
00026322                __args_main
00025a9e                __buff_read
00023ee2                __cleanup
            000031ea    __cleanup_ptr
00024a9e                __cmpd
            00002c0a    __ctypes_
000231f6                __divd
0002636b                __divli
00024261                __divlli
000264d9                __divu
00025be6                __divul
0002416d                __divull
000259e4                __doflush
            000031ec    __dtors_ptr
00024a6a                __eqld
000264af                __fixdi
00025fe5                __fixdli
00026126                __fltlid
00025e8c                __frcmpyd
00025f02                __frcmpyd_div
            00002f9c    __ft_end
            00002e84    __ftable
00024a20                __geqd
000249d5                __gtrd
00024988                __leqd
            000031e6    __lock
00024940                __lssd
00024f73                __mpyd
00026591                __mpyli
000240b6                __mpylli
000265b6                __negd
0002490c                __neqd
000265b4                __nop
00021315                __printfi
000258c9                __rd_ok
000265ac                __register_lock
000265a4                __register_unlock
000262d7                __remli
00024087                __remlli
000264ee                __remu
00025f75                __remul
00024039                __remull
            00000060    __stack
0002657d                __subd
            00001860    __sys_memory
            00001060    __sysstack
            00002efc    __tmpnams
            000031e8    __unlock
0002584c                __wrt_ok
000265e6                _abort
00022c04                _add_device
000254e3                _aic3204_codec_read
000254b3                _aic3204_codec_write
00025497                _aic3204_disable
0002544d                _aic3204_hardware_init
00023024                _aic3204_init
00025d23                _anf
0002618d                _atoi
0002628a                _auto_init
00024870                _bargraph_12dB
000247d4                _bargraph_3dB
00024738                _bargraph_6dB
0002647b                _c_int00
00022788                _calloc
            0000306d    _character_set
00022780                _chkheap
00022b94                _close
            000031ee    _counter1
            000031ef    _counter2
            00003129    _errno
0002643d                _exit
00025e16                _fclose
000265d2                _ferror
00025a46                _fflush
00022b8b                _find_registered_device
00024000                _fopen
00025b44                _fputc
00024c9d                _fputs
000250be                _fread
000222a1                _free
00022719                _free_memory
00023f3a                _freopen
000260be                _fseek
000244ec                _fwrite
00021d69                _getenv
            000031a6    _hPll
00022b27                _lseek
00025d9d                _ltoa
00024e18                _main
000223e5                _malloc
000226af                _max_free
00026503                _memccpy
000261e6                _memcpy
00026525                _memset
00022373                _minit
            000030d5    _number_set
00021c79                _oled_display_bargraph
00021a45                _oled_display_message
0002197c                _oled_display_picture
000218a6                _oled_display_waveform
00021650                _oled_init
00022a6a                _open
            000031d0    _pConfigInfo
00025c86                _perror
            000031a2    _pllCfg1
            000031c8    _pllCfg_100MHz
            000031cc    _pllCfg_120MHz
            000031b0    _pllCfg_12MHz
            000031b4    _pllCfg_12p288MHz
            000031a8    _pllCfg_1MHz
            000031ac    _pllCfg_2MHz
            000031b8    _pllCfg_40MHz
            000031bc    _pllCfg_60MHz
            000031c0    _pllCfg_75MHz
            000031c4    _pllCfg_98MHz
            0000319c    _pllObj
000235bd                _pll_frequency_setup
0002154d                _printCharacter
00021585                _printMessage
0002623c                _printf
00023c52                _pushbuttons_read
00023b4e                _pushbuttons_read_raw
00025b44                _putc
00025bd7                _putchar
00024dec                _puts
000229c0                _read
00026053                _readmsg
000224e6                _realloc
000265dc                _remove
0002298c                _remove_device
00022935                _rename
00022cec                _set_sampling_frequency_and_gain
00025759                _setvbuf
00024712                _spectrum_analyser_display
000265c6                _stereo_to_mono
00022901                _unlink
000227d4                _write
00025926                _writemsg
ffffffff                binit
            00020000    cinit
ffffffff                edata
ffffffff                end
ffffffff                etext
ffffffff                pinit


GLOBAL SYMBOLS: SORTED BY Symbol Address 

abs. value/
byte addr   word addr   name
---------   ---------   ----
00000001                $TI_capability_requires_rev3
00000001                __TI_args_main
00000002                $TI_capability$C5500$CallingConvention
00000008                $TI_capability$C5500$MemoryModel
            00000060    __stack
00001000                __SYSSTACK_SIZE
00002000                __STACK_SIZE
00002000                __SYSMEM_SIZE
            00001060    __STACK_END
            00001060    __sysstack
            00001860    __sys_memory
            00002c0a    __ctypes_
            00002e84    __ftable
            00002efc    __tmpnams
            00002f9c    __ft_end
            0000306d    _character_set
            000030d5    _number_set
            00003129    _errno
            0000319c    _pllObj
            000031a2    _pllCfg1
            000031a6    _hPll
            000031a8    _pllCfg_1MHz
            000031ac    _pllCfg_2MHz
            000031b0    _pllCfg_12MHz
            000031b4    _pllCfg_12p288MHz
            000031b8    _pllCfg_40MHz
            000031bc    _pllCfg_60MHz
            000031c0    _pllCfg_75MHz
            000031c4    _pllCfg_98MHz
            000031c8    _pllCfg_100MHz
            000031cc    _pllCfg_120MHz
            000031d0    _pConfigInfo
            000031e6    __lock
            000031e8    __unlock
            000031ea    __cleanup_ptr
            000031ec    __dtors_ptr
            000031ee    _counter1
            000031ef    _counter2
00021315                __printfi
00021533                _OSD9616_send
0002154d                _printCharacter
00021585                _printMessage
00021650                _oled_init
00021868                _OSD9616_multiSend
000218a6                _oled_display_waveform
0002197c                _oled_display_picture
00021a45                _oled_display_message
00021c79                _oled_display_bargraph
00021d69                _getenv
00021de9                _HOSTwrite
00021e74                _HOSTunlink
00021ee0                _HOSTtime
00021f3e                _HOSTrename
00021ff7                _HOSTread
00022082                _HOSTopen
00022123                _HOSTlseek
000221d8                _HOSTclose
00022243                _HOSTclock
000222a1                _free
00022373                _minit
000223e5                _malloc
000224e6                _realloc
000226af                _max_free
00022719                _free_memory
00022780                _chkheap
00022788                _calloc
000227d4                _write
00022901                _unlink
00022935                _rename
0002298c                _remove_device
000229c0                _read
00022a6a                _open
00022b27                _lseek
00022b8b                _find_registered_device
00022b94                _close
00022c04                _add_device
00022cec                _set_sampling_frequency_and_gain
00023024                _aic3204_init
000231f6                __divd
000235bd                _pll_frequency_setup
000238cb                _PLL_init
00023903                _PLL_config
00023a2c                _PLL_enable
00023a93                _PLL_bypass
00023ae2                _PLL_reset
00023b4e                _pushbuttons_read_raw
00023c52                _pushbuttons_read
00023db5                _SAR_init
00023ee2                __cleanup
00023f3a                _freopen
00024000                _fopen
00024039                __remull
00024087                __remlli
000240b6                __mpylli
0002416d                __divull
00024261                __divlli
00024295                __addd
000244ec                _fwrite
00024712                _spectrum_analyser_display
00024738                _bargraph_6dB
000247d4                _bargraph_3dB
00024870                _bargraph_12dB
0002490c                __neqd
00024940                __lssd
00024988                __leqd
000249d5                __gtrd
00024a20                __geqd
00024a6a                __eqld
00024a9e                __cmpd
00024af6                _USBSTK5515_ULED_getall
00024b41                _USBSTK5515_ULED_setall
00024baf                _USBSTK5515_ULED_toggle
00024be9                _USBSTK5515_ULED_on
00024c1d                _USBSTK5515_ULED_off
00024c4f                _USBSTK5515_ULED_init
00024c7e                _USBSTK5515_LED_on
00024c89                _USBSTK5515_LED_off
00024c94                _USBSTK5515_LED_init
00024c9d                _fputs
00024dec                _puts
00024e18                _main
00024f73                __mpyd
000250be                _fread
00025206                _USBSTK5515_I2C_close
0002520f                _USBSTK5515_I2C_init
0002522e                _USBSTK5515_I2C_reset
00025252                _USBSTK5515_I2C_write
000252cc                _USBSTK5515_I2C_read
00025333                _USBSTK5505_I2C_close
0002533c                _USBSTK5505_I2C_init
0002535b                _USBSTK5505_I2C_reset
0002537f                _USBSTK5505_I2C_write
000253e6                _USBSTK5505_I2C_read
0002544d                _aic3204_hardware_init
0002547d                _AIC3204_rset
00025497                _aic3204_disable
000254b3                _aic3204_codec_write
000254e3                _aic3204_codec_read
0002551d                _AIC3204_rget
00025560                _USBSTK5505_GPIO_setOutput
000255bd                _USBSTK5505_GPIO_setDirection
00025623                _USBSTK5505_GPIO_init
00025627                _USBSTK5505_GPIO_getInput
00025661                _USBSTK5515_GPIO_setOutput
000256be                _USBSTK5515_GPIO_setDirection
0002571b                _USBSTK5515_GPIO_init
0002571f                _USBSTK5515_GPIO_getInput
00025759                _setvbuf
0002584c                __wrt_ok
000258c9                __rd_ok
00025926                _writemsg
000259df                C$$IO$$
000259e4                __doflush
00025a46                _fflush
00025a9e                __buff_read
00025b44                _fputc
00025b44                _putc
00025bd7                _putchar
00025be6                __divul
00025c86                _perror
00025d23                _anf
00025d9d                _ltoa
00025e16                _fclose
00025e8c                __frcmpyd
00025f02                __frcmpyd_div
00025f75                __remul
00025fe5                __fixdli
00026053                _readmsg
000260be                _fseek
00026126                __fltlid
0002618d                _atoi
000261e6                _memcpy
0002623c                _printf
0002628a                _auto_init
000262d7                __remli
00026322                __args_main
0002636b                __divli
000263b3                _USBSTK5505_wait
000263de                _USBSTK5505_waitusec
000263ea                _USBSTK5505_init
000263f8                _USBSTK5515_wait
00026423                _USBSTK5515_waitusec
0002642f                _USBSTK5515_init
0002643d                _exit
0002647b                _c_int00
000264af                __fixdi
000264d9                I$$UDIV
000264d9                __divu
000264ee                I$$UMOD
000264ee                __remu
00026503                _memccpy
00026525                _memset
00026544                _USBSTK5505_LED_on
0002654f                _USBSTK5505_LED_off
0002655a                _USBSTK5505_LED_init
00026563                ___isinf
0002657d                __subd
00026591                I$$LMPY
00026591                __mpyli
000265a4                __register_unlock
000265ac                __register_lock
000265b4                __nop
000265b6                __negd
000265c6                _stereo_to_mono
000265d2                _ferror
000265dc                _remove
000265e6                _abort
000265e7                C$$EXIT
            00020000    ___cinit__
            00020000    cinit
            000201a4    __CIOBUF_
0004fe00                _Reset
ffffffff                .bss
ffffffff                .data
ffffffff                .text
ffffffff                ___binit__
ffffffff                ___bss__
ffffffff                ___c_args__
ffffffff                ___data__
ffffffff                ___edata__
ffffffff                ___end__
ffffffff                ___etext__
ffffffff                ___pinit__
ffffffff                ___text__
ffffffff                binit
ffffffff                edata
ffffffff                end
ffffffff                etext
ffffffff                pinit

[229 symbols]
