<?xml version="1.0"?>
<link_info>
   <banner>TMS320C55x Linker PC v4.4.1</banner>
   <copyright>Copyright (c) 1996-2012 Texas Instruments Incorporated</copyright>
   <link_time>0x5fd8fb45</link_time>
   <output_file>ex_proj.out</output_file>
   <entry_point>
      <name>_c_int00</name>
      <address>0x16496</address>
   </entry_point>
   <input_file_list>
      <input_file id="fl-2">
         <path>.\</path>
         <kind>object</kind>
         <file>anf.obj</file>
         <name>anf.obj</name>
      </input_file>
      <input_file id="fl-3">
         <path>.\</path>
         <kind>object</kind>
         <file>main.obj</file>
         <name>main.obj</name>
      </input_file>
      <input_file id="fl-4">
         <path>.\lib\</path>
         <kind>object</kind>
         <file>PLL.obj</file>
         <name>PLL.obj</name>
      </input_file>
      <input_file id="fl-5">
         <path>.\lib\</path>
         <kind>object</kind>
         <file>aic3204.obj</file>
         <name>aic3204.obj</name>
      </input_file>
      <input_file id="fl-6">
         <path>.\lib\</path>
         <kind>object</kind>
         <file>aic3204_init.obj</file>
         <name>aic3204_init.obj</name>
      </input_file>
      <input_file id="fl-7">
         <path>.\lib\</path>
         <kind>object</kind>
         <file>bargraph5515.obj</file>
         <name>bargraph5515.obj</name>
      </input_file>
      <input_file id="fl-8">
         <path>.\lib\</path>
         <kind>object</kind>
         <file>oled5515.obj</file>
         <name>oled5515.obj</name>
      </input_file>
      <input_file id="fl-9">
         <path>.\lib\</path>
         <kind>object</kind>
         <file>pushbuttons5515.obj</file>
         <name>pushbuttons5515.obj</name>
      </input_file>
      <input_file id="fl-a">
         <path>.\lib\</path>
         <kind>object</kind>
         <file>stereo.obj</file>
         <name>stereo.obj</name>
      </input_file>
      <input_file id="fl-b">
         <path>.\lib\</path>
         <kind>object</kind>
         <file>usbstk5505.obj</file>
         <name>usbstk5505.obj</name>
      </input_file>
      <input_file id="fl-c">
         <path>.\lib\</path>
         <kind>object</kind>
         <file>usbstk5505_gpio.obj</file>
         <name>usbstk5505_gpio.obj</name>
      </input_file>
      <input_file id="fl-d">
         <path>.\lib\</path>
         <kind>object</kind>
         <file>usbstk5505_i2c.obj</file>
         <name>usbstk5505_i2c.obj</name>
      </input_file>
      <input_file id="fl-e">
         <path>.\lib\</path>
         <kind>object</kind>
         <file>usbstk5505_led.obj</file>
         <name>usbstk5505_led.obj</name>
      </input_file>
      <input_file id="fl-f">
         <path>.\lib\</path>
         <kind>object</kind>
         <file>usbstk5515.obj</file>
         <name>usbstk5515.obj</name>
      </input_file>
      <input_file id="fl-10">
         <path>.\lib\</path>
         <kind>object</kind>
         <file>usbstk5515_gpio.obj</file>
         <name>usbstk5515_gpio.obj</name>
      </input_file>
      <input_file id="fl-11">
         <path>.\lib\</path>
         <kind>object</kind>
         <file>usbstk5515_i2c.obj</file>
         <name>usbstk5515_i2c.obj</name>
      </input_file>
      <input_file id="fl-12">
         <path>.\lib\</path>
         <kind>object</kind>
         <file>usbstk5515_led.obj</file>
         <name>usbstk5515_led.obj</name>
      </input_file>
      <input_file id="fl-18">
         <path>..\lib\</path>
         <kind>archive</kind>
         <file>CSLc55x5h.lib</file>
         <name>csl_pll.obj</name>
      </input_file>
      <input_file id="fl-19">
         <path>C:\ti\ccs1000\ccs\tools\compiler\c5500_4.4.1\lib\</path>
         <kind>archive</kind>
         <file>rts55h.lib</file>
         <name>boot.obj</name>
      </input_file>
      <input_file id="fl-1a">
         <path>C:\ti\ccs1000\ccs\tools\compiler\c5500_4.4.1\lib\</path>
         <kind>archive</kind>
         <file>rts55h.lib</file>
         <name>exit.obj</name>
      </input_file>
      <input_file id="fl-1b">
         <path>C:\ti\ccs1000\ccs\tools\compiler\c5500_4.4.1\lib\</path>
         <kind>archive</kind>
         <file>rts55h.lib</file>
         <name>fclose.obj</name>
      </input_file>
      <input_file id="fl-1c">
         <path>C:\ti\ccs1000\ccs\tools\compiler\c5500_4.4.1\lib\</path>
         <kind>archive</kind>
         <file>rts55h.lib</file>
         <name>ferror.obj</name>
      </input_file>
      <input_file id="fl-1d">
         <path>C:\ti\ccs1000\ccs\tools\compiler\c5500_4.4.1\lib\</path>
         <kind>archive</kind>
         <file>rts55h.lib</file>
         <name>fflush.obj</name>
      </input_file>
      <input_file id="fl-1e">
         <path>C:\ti\ccs1000\ccs\tools\compiler\c5500_4.4.1\lib\</path>
         <kind>archive</kind>
         <file>rts55h.lib</file>
         <name>fopen.obj</name>
      </input_file>
      <input_file id="fl-1f">
         <path>C:\ti\ccs1000\ccs\tools\compiler\c5500_4.4.1\lib\</path>
         <kind>archive</kind>
         <file>rts55h.lib</file>
         <name>fread.obj</name>
      </input_file>
      <input_file id="fl-20">
         <path>C:\ti\ccs1000\ccs\tools\compiler\c5500_4.4.1\lib\</path>
         <kind>archive</kind>
         <file>rts55h.lib</file>
         <name>fseek.obj</name>
      </input_file>
      <input_file id="fl-21">
         <path>C:\ti\ccs1000\ccs\tools\compiler\c5500_4.4.1\lib\</path>
         <kind>archive</kind>
         <file>rts55h.lib</file>
         <name>fwrite.obj</name>
      </input_file>
      <input_file id="fl-22">
         <path>C:\ti\ccs1000\ccs\tools\compiler\c5500_4.4.1\lib\</path>
         <kind>archive</kind>
         <file>rts55h.lib</file>
         <name>lmpy.obj</name>
      </input_file>
      <input_file id="fl-23">
         <path>C:\ti\ccs1000\ccs\tools\compiler\c5500_4.4.1\lib\</path>
         <kind>archive</kind>
         <file>rts55h.lib</file>
         <name>lowlev.obj</name>
      </input_file>
      <input_file id="fl-24">
         <path>C:\ti\ccs1000\ccs\tools\compiler\c5500_4.4.1\lib\</path>
         <kind>archive</kind>
         <file>rts55h.lib</file>
         <name>memcpy.obj</name>
      </input_file>
      <input_file id="fl-25">
         <path>C:\ti\ccs1000\ccs\tools\compiler\c5500_4.4.1\lib\</path>
         <kind>archive</kind>
         <file>rts55h.lib</file>
         <name>memory.obj</name>
      </input_file>
      <input_file id="fl-26">
         <path>C:\ti\ccs1000\ccs\tools\compiler\c5500_4.4.1\lib\</path>
         <kind>archive</kind>
         <file>rts55h.lib</file>
         <name>memset.obj</name>
      </input_file>
      <input_file id="fl-27">
         <path>C:\ti\ccs1000\ccs\tools\compiler\c5500_4.4.1\lib\</path>
         <kind>archive</kind>
         <file>rts55h.lib</file>
         <name>perror.obj</name>
      </input_file>
      <input_file id="fl-28">
         <path>C:\ti\ccs1000\ccs\tools\compiler\c5500_4.4.1\lib\</path>
         <kind>archive</kind>
         <file>rts55h.lib</file>
         <name>printf.obj</name>
      </input_file>
      <input_file id="fl-29">
         <path>C:\ti\ccs1000\ccs\tools\compiler\c5500_4.4.1\lib\</path>
         <kind>archive</kind>
         <file>rts55h.lib</file>
         <name>remove.obj</name>
      </input_file>
      <input_file id="fl-2a">
         <path>C:\ti\ccs1000\ccs\tools\compiler\c5500_4.4.1\lib\</path>
         <kind>archive</kind>
         <file>rts55h.lib</file>
         <name>trgdrv.obj</name>
      </input_file>
      <input_file id="fl-2b">
         <path>C:\ti\ccs1000\ccs\tools\compiler\c5500_4.4.1\lib\</path>
         <kind>archive</kind>
         <file>rts55h.lib</file>
         <name>trgmsg.obj</name>
      </input_file>
      <input_file id="fl-2c">
         <path>C:\ti\ccs1000\ccs\tools\compiler\c5500_4.4.1\lib\</path>
         <kind>archive</kind>
         <file>rts55h.lib</file>
         <name>vectors.obj</name>
      </input_file>
      <input_file id="fl-2d">
         <path>C:\ti\ccs1000\ccs\tools\compiler\c5500_4.4.1\lib\</path>
         <kind>archive</kind>
         <file>rts55h.lib</file>
         <name>_bufread.obj</name>
      </input_file>
      <input_file id="fl-2e">
         <path>C:\ti\ccs1000\ccs\tools\compiler\c5500_4.4.1\lib\</path>
         <kind>archive</kind>
         <file>rts55h.lib</file>
         <name>_io_perm.obj</name>
      </input_file>
      <input_file id="fl-2f">
         <path>C:\ti\ccs1000\ccs\tools\compiler\c5500_4.4.1\lib\</path>
         <kind>archive</kind>
         <file>rts55h.lib</file>
         <name>_lock.obj</name>
      </input_file>
      <input_file id="fl-30">
         <path>C:\ti\ccs1000\ccs\tools\compiler\c5500_4.4.1\lib\</path>
         <kind>archive</kind>
         <file>rts55h.lib</file>
         <name>_printfi.obj</name>
      </input_file>
      <input_file id="fl-31">
         <path>C:\ti\ccs1000\ccs\tools\compiler\c5500_4.4.1\lib\</path>
         <kind>archive</kind>
         <file>rts55h.lib</file>
         <name>args_main.obj</name>
      </input_file>
      <input_file id="fl-32">
         <path>C:\ti\ccs1000\ccs\tools\compiler\c5500_4.4.1\lib\</path>
         <kind>archive</kind>
         <file>rts55h.lib</file>
         <name>atoi.obj</name>
      </input_file>
      <input_file id="fl-33">
         <path>C:\ti\ccs1000\ccs\tools\compiler\c5500_4.4.1\lib\</path>
         <kind>archive</kind>
         <file>rts55h.lib</file>
         <name>autoinit.obj</name>
      </input_file>
      <input_file id="fl-34">
         <path>C:\ti\ccs1000\ccs\tools\compiler\c5500_4.4.1\lib\</path>
         <kind>archive</kind>
         <file>rts55h.lib</file>
         <name>cmpd.obj</name>
      </input_file>
      <input_file id="fl-35">
         <path>C:\ti\ccs1000\ccs\tools\compiler\c5500_4.4.1\lib\</path>
         <kind>archive</kind>
         <file>rts55h.lib</file>
         <name>ctype.obj</name>
      </input_file>
      <input_file id="fl-36">
         <path>C:\ti\ccs1000\ccs\tools\compiler\c5500_4.4.1\lib\</path>
         <kind>archive</kind>
         <file>rts55h.lib</file>
         <name>defs.obj</name>
      </input_file>
      <input_file id="fl-37">
         <path>C:\ti\ccs1000\ccs\tools\compiler\c5500_4.4.1\lib\</path>
         <kind>archive</kind>
         <file>rts55h.lib</file>
         <name>divd.obj</name>
      </input_file>
      <input_file id="fl-38">
         <path>C:\ti\ccs1000\ccs\tools\compiler\c5500_4.4.1\lib\</path>
         <kind>archive</kind>
         <file>rts55h.lib</file>
         <name>divul.obj</name>
      </input_file>
      <input_file id="fl-39">
         <path>C:\ti\ccs1000\ccs\tools\compiler\c5500_4.4.1\lib\</path>
         <kind>archive</kind>
         <file>rts55h.lib</file>
         <name>errno.obj</name>
      </input_file>
      <input_file id="fl-3a">
         <path>C:\ti\ccs1000\ccs\tools\compiler\c5500_4.4.1\lib\</path>
         <kind>archive</kind>
         <file>rts55h.lib</file>
         <name>fixdi.obj</name>
      </input_file>
      <input_file id="fl-3b">
         <path>C:\ti\ccs1000\ccs\tools\compiler\c5500_4.4.1\lib\</path>
         <kind>archive</kind>
         <file>rts55h.lib</file>
         <name>fixdli.obj</name>
      </input_file>
      <input_file id="fl-3c">
         <path>C:\ti\ccs1000\ccs\tools\compiler\c5500_4.4.1\lib\</path>
         <kind>archive</kind>
         <file>rts55h.lib</file>
         <name>fltlid.obj</name>
      </input_file>
      <input_file id="fl-3d">
         <path>C:\ti\ccs1000\ccs\tools\compiler\c5500_4.4.1\lib\</path>
         <kind>archive</kind>
         <file>rts55h.lib</file>
         <name>fputc.obj</name>
      </input_file>
      <input_file id="fl-3e">
         <path>C:\ti\ccs1000\ccs\tools\compiler\c5500_4.4.1\lib\</path>
         <kind>archive</kind>
         <file>rts55h.lib</file>
         <name>fputs.obj</name>
      </input_file>
      <input_file id="fl-3f">
         <path>C:\ti\ccs1000\ccs\tools\compiler\c5500_4.4.1\lib\</path>
         <kind>archive</kind>
         <file>rts55h.lib</file>
         <name>frcmpyd_div.obj</name>
      </input_file>
      <input_file id="fl-40">
         <path>C:\ti\ccs1000\ccs\tools\compiler\c5500_4.4.1\lib\</path>
         <kind>archive</kind>
         <file>rts55h.lib</file>
         <name>isinf.obj</name>
      </input_file>
      <input_file id="fl-41">
         <path>C:\ti\ccs1000\ccs\tools\compiler\c5500_4.4.1\lib\</path>
         <kind>archive</kind>
         <file>rts55h.lib</file>
         <name>llmpy.obj</name>
      </input_file>
      <input_file id="fl-42">
         <path>C:\ti\ccs1000\ccs\tools\compiler\c5500_4.4.1\lib\</path>
         <kind>archive</kind>
         <file>rts55h.lib</file>
         <name>ltoa.obj</name>
      </input_file>
      <input_file id="fl-43">
         <path>C:\ti\ccs1000\ccs\tools\compiler\c5500_4.4.1\lib\</path>
         <kind>archive</kind>
         <file>rts55h.lib</file>
         <name>memccpy.obj</name>
      </input_file>
      <input_file id="fl-44">
         <path>C:\ti\ccs1000\ccs\tools\compiler\c5500_4.4.1\lib\</path>
         <kind>archive</kind>
         <file>rts55h.lib</file>
         <name>mpyd.obj</name>
      </input_file>
      <input_file id="fl-45">
         <path>C:\ti\ccs1000\ccs\tools\compiler\c5500_4.4.1\lib\</path>
         <kind>archive</kind>
         <file>rts55h.lib</file>
         <name>negd.obj</name>
      </input_file>
      <input_file id="fl-46">
         <path>C:\ti\ccs1000\ccs\tools\compiler\c5500_4.4.1\lib\</path>
         <kind>archive</kind>
         <file>rts55h.lib</file>
         <name>remli.obj</name>
      </input_file>
      <input_file id="fl-47">
         <path>C:\ti\ccs1000\ccs\tools\compiler\c5500_4.4.1\lib\</path>
         <kind>archive</kind>
         <file>rts55h.lib</file>
         <name>remul.obj</name>
      </input_file>
      <input_file id="fl-48">
         <path>C:\ti\ccs1000\ccs\tools\compiler\c5500_4.4.1\lib\</path>
         <kind>archive</kind>
         <file>rts55h.lib</file>
         <name>setvbuf.obj</name>
      </input_file>
      <input_file id="fl-49">
         <path>C:\ti\ccs1000\ccs\tools\compiler\c5500_4.4.1\lib\</path>
         <kind>archive</kind>
         <file>rts55h.lib</file>
         <name>subd.obj</name>
      </input_file>
      <input_file id="fl-4a">
         <path>C:\ti\ccs1000\ccs\tools\compiler\c5500_4.4.1\lib\</path>
         <kind>archive</kind>
         <file>rts55h.lib</file>
         <name>udiv.obj</name>
      </input_file>
      <input_file id="fl-4b">
         <path>C:\ti\ccs1000\ccs\tools\compiler\c5500_4.4.1\lib\</path>
         <kind>archive</kind>
         <file>rts55h.lib</file>
         <name>addd.obj</name>
      </input_file>
      <input_file id="fl-4c">
         <path>C:\ti\ccs1000\ccs\tools\compiler\c5500_4.4.1\lib\</path>
         <kind>archive</kind>
         <file>rts55h.lib</file>
         <name>divli.obj</name>
      </input_file>
      <input_file id="fl-4d">
         <path>C:\ti\ccs1000\ccs\tools\compiler\c5500_4.4.1\lib\</path>
         <kind>archive</kind>
         <file>rts55h.lib</file>
         <name>frcmpyd.obj</name>
      </input_file>
   </input_file_list>
   <object_component_list>
      <object_component id="oc-cd">
         <name>vectors</name>
         <load_address>0xffff00</load_address>
         <run_address>0xffff00</run_address>
         <size>0x100</size>
         <input_file_ref idref="fl-2c"/>
      </object_component>
      <object_component id="oc-33">
         <name>.cinit</name>
         <load_address>0xda8</load_address>
         <run_address>0xda8</run_address>
         <size>0x184</size>
         <input_file_ref idref="fl-8"/>
      </object_component>
      <object_component id="oc-1a">
         <name>.cinit</name>
         <load_address>0xf2c</load_address>
         <run_address>0xf2c</run_address>
         <size>0x8c</size>
         <input_file_ref idref="fl-4"/>
      </object_component>
      <object_component id="oc-a2">
         <name>.cinit</name>
         <load_address>0xfb8</load_address>
         <run_address>0xfb8</run_address>
         <size>0x5a</size>
         <input_file_ref idref="fl-23"/>
      </object_component>
      <object_component id="oc-f9">
         <name>.cinit</name>
         <load_address>0x1012</load_address>
         <run_address>0x1012</run_address>
         <size>0x54</size>
         <input_file_ref idref="fl-36"/>
      </object_component>
      <object_component id="oc-3a">
         <name>.cinit</name>
         <load_address>0x1066</load_address>
         <run_address>0x1066</run_address>
         <size>0x48</size>
         <input_file_ref idref="fl-9"/>
      </object_component>
      <object_component id="oc-dc">
         <name>.cinit</name>
         <load_address>0x10ae</load_address>
         <run_address>0x10ae</run_address>
         <size>0x14</size>
         <input_file_ref idref="fl-2f"/>
      </object_component>
      <object_component id="oc-79">
         <name>.cinit</name>
         <load_address>0x10c2</load_address>
         <run_address>0x10c2</run_address>
         <size>0x14</size>
         <input_file_ref idref="fl-1a"/>
      </object_component>
      <object_component id="oc-105">
         <name>.cinit</name>
         <load_address>0x10d6</load_address>
         <run_address>0x10d6</run_address>
         <size>0x8</size>
         <input_file_ref idref="fl-39"/>
      </object_component>
      <object_component id="oc-8c">
         <name>.cinit</name>
         <load_address>0x10de</load_address>
         <run_address>0x10de</run_address>
         <size>0x8</size>
         <input_file_ref idref="fl-1e"/>
      </object_component>
      <object_component id="oc-ac">
         <name>.cinit</name>
         <load_address>0x10e6</load_address>
         <run_address>0x10e6</run_address>
         <size>0x8</size>
         <input_file_ref idref="fl-25"/>
      </object_component>
      <object_component id="oc-df">
         <name>.text</name>
         <load_address>0x10000</load_address>
         <run_address>0x10000</run_address>
         <size>0x1533</size>
         <input_file_ref idref="fl-30"/>
      </object_component>
      <object_component id="oc-30">
         <name>.text</name>
         <load_address>0x11533</load_address>
         <run_address>0x11533</run_address>
         <size>0x836</size>
         <input_file_ref idref="fl-8"/>
      </object_component>
      <object_component id="oc-37">
         <name>.text</name>
         <load_address>0x11d69</load_address>
         <run_address>0x11d69</run_address>
         <size>0x27f</size>
         <input_file_ref idref="fl-9"/>
      </object_component>
      <object_component id="oc-145">
         <name>.text</name>
         <load_address>0x11fe8</load_address>
         <run_address>0x11fe8</run_address>
         <size>0x14</size>
         <input_file_ref idref="fl-49"/>
      </object_component>
      <object_component id="oc-cc">
         <name>.text</name>
         <load_address>0x11ffc</load_address>
         <run_address>0x11ffc</run_address>
         <size>0x2</size>
         <input_file_ref idref="fl-2c"/>
      </object_component>
      <object_component id="oc-c1">
         <name>.text</name>
         <load_address>0x12000</load_address>
         <run_address>0x12000</run_address>
         <size>0x538</size>
         <input_file_ref idref="fl-2a"/>
      </object_component>
      <object_component id="oc-a9">
         <name>.text</name>
         <load_address>0x12538</load_address>
         <run_address>0x12538</run_address>
         <size>0x533</size>
         <input_file_ref idref="fl-25"/>
      </object_component>
      <object_component id="oc-9f">
         <name>.text</name>
         <load_address>0x12a6b</load_address>
         <run_address>0x12a6b</run_address>
         <size>0x518</size>
         <input_file_ref idref="fl-23"/>
      </object_component>
      <object_component id="oc-25">
         <name>.text</name>
         <load_address>0x12f83</load_address>
         <run_address>0x12f83</run_address>
         <size>0x50a</size>
         <input_file_ref idref="fl-6"/>
      </object_component>
      <object_component id="oc-fb">
         <name>.text</name>
         <load_address>0x1348d</load_address>
         <run_address>0x1348d</run_address>
         <size>0x3c7</size>
         <input_file_ref idref="fl-37"/>
      </object_component>
      <object_component id="oc-17">
         <name>.text</name>
         <load_address>0x13854</load_address>
         <run_address>0x13854</run_address>
         <size>0x2e4</size>
         <input_file_ref idref="fl-4"/>
      </object_component>
      <object_component id="oc-6d">
         <name>.text</name>
         <load_address>0x13b38</load_address>
         <run_address>0x13b38</run_address>
         <size>0x2ad</size>
         <input_file_ref idref="fl-18"/>
      </object_component>
      <object_component id="oc-2b">
         <name>.text</name>
         <load_address>0x13de5</load_address>
         <run_address>0x13de5</run_address>
         <size>0x1fa</size>
         <input_file_ref idref="fl-7"/>
      </object_component>
      <object_component id="oc-b0">
         <name>.text</name>
         <load_address>0x13fdf</load_address>
         <run_address>0x13fdf</run_address>
         <size>0x1f</size>
         <input_file_ref idref="fl-26"/>
      </object_component>
      <object_component id="oc-89">
         <name>.text</name>
         <load_address>0x14000</load_address>
         <run_address>0x14000</run_address>
         <size>0x26c</size>
         <input_file_ref idref="fl-1e"/>
      </object_component>
      <object_component id="oc-125">
         <name>.text</name>
         <load_address>0x1426c</load_address>
         <run_address>0x1426c</run_address>
         <size>0x25c</size>
         <input_file_ref idref="fl-41"/>
      </object_component>
      <object_component id="oc-14d">
         <name>.text</name>
         <load_address>0x144c8</load_address>
         <run_address>0x144c8</run_address>
         <size>0x257</size>
         <input_file_ref idref="fl-4b"/>
      </object_component>
      <object_component id="oc-97">
         <name>.text</name>
         <load_address>0x1471f</load_address>
         <run_address>0x1471f</run_address>
         <size>0x226</size>
         <input_file_ref idref="fl-21"/>
      </object_component>
      <object_component id="oc-f1">
         <name>.text</name>
         <load_address>0x14945</load_address>
         <run_address>0x14945</run_address>
         <size>0x1ea</size>
         <input_file_ref idref="fl-34"/>
      </object_component>
      <object_component id="oc-68">
         <name>.text</name>
         <load_address>0x14b2f</load_address>
         <run_address>0x14b2f</run_address>
         <size>0x1a7</size>
         <input_file_ref idref="fl-12"/>
      </object_component>
      <object_component id="oc-11">
         <name>.text</name>
         <load_address>0x14cd6</load_address>
         <run_address>0x14cd6</run_address>
         <size>0x1a4</size>
         <input_file_ref idref="fl-3"/>
      </object_component>
      <object_component id="oc-118">
         <name>.text</name>
         <load_address>0x14e7a</load_address>
         <run_address>0x14e7a</run_address>
         <size>0x17b</size>
         <input_file_ref idref="fl-3e"/>
      </object_component>
      <object_component id="oc-131">
         <name>.text</name>
         <load_address>0x14ff5</load_address>
         <run_address>0x14ff5</run_address>
         <size>0x14b</size>
         <input_file_ref idref="fl-44"/>
      </object_component>
      <object_component id="oc-8f">
         <name>.text</name>
         <load_address>0x15140</load_address>
         <run_address>0x15140</run_address>
         <size>0x148</size>
         <input_file_ref idref="fl-1f"/>
      </object_component>
      <object_component id="oc-62">
         <name>.text</name>
         <load_address>0x15288</load_address>
         <run_address>0x15288</run_address>
         <size>0x12d</size>
         <input_file_ref idref="fl-11"/>
      </object_component>
      <object_component id="oc-4d">
         <name>.text</name>
         <load_address>0x153b5</load_address>
         <run_address>0x153b5</run_address>
         <size>0x11a</size>
         <input_file_ref idref="fl-d"/>
      </object_component>
      <object_component id="oc-1f">
         <name>.text</name>
         <load_address>0x154cf</load_address>
         <run_address>0x154cf</run_address>
         <size>0x113</size>
         <input_file_ref idref="fl-5"/>
      </object_component>
      <object_component id="oc-48">
         <name>.text</name>
         <load_address>0x155e2</load_address>
         <run_address>0x155e2</run_address>
         <size>0x101</size>
         <input_file_ref idref="fl-c"/>
      </object_component>
      <object_component id="oc-5d">
         <name>.text</name>
         <load_address>0x156e3</load_address>
         <run_address>0x156e3</run_address>
         <size>0xf8</size>
         <input_file_ref idref="fl-10"/>
      </object_component>
      <object_component id="oc-141">
         <name>.text</name>
         <load_address>0x157db</load_address>
         <run_address>0x157db</run_address>
         <size>0xf3</size>
         <input_file_ref idref="fl-48"/>
      </object_component>
      <object_component id="oc-d5">
         <name>.text</name>
         <load_address>0x158ce</load_address>
         <run_address>0x158ce</run_address>
         <size>0xda</size>
         <input_file_ref idref="fl-2e"/>
      </object_component>
      <object_component id="oc-c9">
         <name>.text:CIO_breakpoint</name>
         <load_address>0x159a8</load_address>
         <run_address>0x159a8</run_address>
         <size>0xbe</size>
         <input_file_ref idref="fl-2b"/>
      </object_component>
      <object_component id="oc-85">
         <name>.text</name>
         <load_address>0x15a66</load_address>
         <run_address>0x15a66</run_address>
         <size>0xba</size>
         <input_file_ref idref="fl-1d"/>
      </object_component>
      <object_component id="oc-d1">
         <name>.text</name>
         <load_address>0x15b20</load_address>
         <run_address>0x15b20</run_address>
         <size>0xa6</size>
         <input_file_ref idref="fl-2d"/>
      </object_component>
      <object_component id="oc-114">
         <name>.text</name>
         <load_address>0x15bc6</load_address>
         <run_address>0x15bc6</run_address>
         <size>0xa2</size>
         <input_file_ref idref="fl-3d"/>
      </object_component>
      <object_component id="oc-ff">
         <name>.text</name>
         <load_address>0x15c68</load_address>
         <run_address>0x15c68</run_address>
         <size>0xa0</size>
         <input_file_ref idref="fl-38"/>
      </object_component>
      <object_component id="oc-b4">
         <name>.text</name>
         <load_address>0x15d08</load_address>
         <run_address>0x15d08</run_address>
         <size>0x9d</size>
         <input_file_ref idref="fl-27"/>
      </object_component>
      <object_component id="oc-129">
         <name>.text</name>
         <load_address>0x15da5</load_address>
         <run_address>0x15da5</run_address>
         <size>0x79</size>
         <input_file_ref idref="fl-42"/>
      </object_component>
      <object_component id="oc-7d">
         <name>.text</name>
         <load_address>0x15e1e</load_address>
         <run_address>0x15e1e</run_address>
         <size>0x76</size>
         <input_file_ref idref="fl-1b"/>
      </object_component>
      <object_component id="oc-155">
         <name>.text</name>
         <load_address>0x15e94</load_address>
         <run_address>0x15e94</run_address>
         <size>0x76</size>
         <input_file_ref idref="fl-4d"/>
      </object_component>
      <object_component id="oc-11d">
         <name>.text</name>
         <load_address>0x15f0a</load_address>
         <run_address>0x15f0a</run_address>
         <size>0x73</size>
         <input_file_ref idref="fl-3f"/>
      </object_component>
      <object_component id="oc-13d">
         <name>.text</name>
         <load_address>0x15f7d</load_address>
         <run_address>0x15f7d</run_address>
         <size>0x70</size>
         <input_file_ref idref="fl-47"/>
      </object_component>
      <object_component id="oc-d9">
         <name>.text</name>
         <load_address>0x15fed</load_address>
         <run_address>0x15fed</run_address>
         <size>0x12</size>
         <input_file_ref idref="fl-2f"/>
      </object_component>
      <object_component id="oc-10b">
         <name>.text</name>
         <load_address>0x16000</load_address>
         <run_address>0x16000</run_address>
         <size>0x6e</size>
         <input_file_ref idref="fl-3b"/>
      </object_component>
      <object_component id="oc-c6">
         <name>.text</name>
         <load_address>0x1606e</load_address>
         <run_address>0x1606e</run_address>
         <size>0x6b</size>
         <input_file_ref idref="fl-2b"/>
      </object_component>
      <object_component id="oc-93">
         <name>.text</name>
         <load_address>0x160d9</load_address>
         <run_address>0x160d9</run_address>
         <size>0x68</size>
         <input_file_ref idref="fl-20"/>
      </object_component>
      <object_component id="oc-10f">
         <name>.text</name>
         <load_address>0x16141</load_address>
         <run_address>0x16141</run_address>
         <size>0x67</size>
         <input_file_ref idref="fl-3c"/>
      </object_component>
      <object_component id="oc-e9">
         <name>.text</name>
         <load_address>0x161a8</load_address>
         <run_address>0x161a8</run_address>
         <size>0x59</size>
         <input_file_ref idref="fl-32"/>
      </object_component>
      <object_component id="oc-a5">
         <name>.text</name>
         <load_address>0x16201</load_address>
         <run_address>0x16201</run_address>
         <size>0x56</size>
         <input_file_ref idref="fl-24"/>
      </object_component>
      <object_component id="oc-b9">
         <name>.text</name>
         <load_address>0x16257</load_address>
         <run_address>0x16257</run_address>
         <size>0x4e</size>
         <input_file_ref idref="fl-28"/>
      </object_component>
      <object_component id="oc-ed">
         <name>.text</name>
         <load_address>0x162a5</load_address>
         <run_address>0x162a5</run_address>
         <size>0x4d</size>
         <input_file_ref idref="fl-33"/>
      </object_component>
      <object_component id="oc-139">
         <name>.text</name>
         <load_address>0x162f2</load_address>
         <run_address>0x162f2</run_address>
         <size>0x4b</size>
         <input_file_ref idref="fl-46"/>
      </object_component>
      <object_component id="oc-e5">
         <name>.text</name>
         <load_address>0x1633d</load_address>
         <run_address>0x1633d</run_address>
         <size>0x49</size>
         <input_file_ref idref="fl-31"/>
      </object_component>
      <object_component id="oc-151">
         <name>.text</name>
         <load_address>0x16386</load_address>
         <run_address>0x16386</run_address>
         <size>0x48</size>
         <input_file_ref idref="fl-4c"/>
      </object_component>
      <object_component id="oc-43">
         <name>.text</name>
         <load_address>0x163ce</load_address>
         <run_address>0x163ce</run_address>
         <size>0x45</size>
         <input_file_ref idref="fl-b"/>
      </object_component>
      <object_component id="oc-58">
         <name>.text</name>
         <load_address>0x16413</load_address>
         <run_address>0x16413</run_address>
         <size>0x45</size>
         <input_file_ref idref="fl-f"/>
      </object_component>
      <object_component id="oc-76">
         <name>.text</name>
         <load_address>0x16458</load_address>
         <run_address>0x16458</run_address>
         <size>0x3e</size>
         <input_file_ref idref="fl-1a"/>
      </object_component>
      <object_component id="oc-c">
         <name>.text</name>
         <load_address>0x16496</load_address>
         <run_address>0x16496</run_address>
         <size>0x34</size>
         <input_file_ref idref="fl-19"/>
      </object_component>
      <object_component id="oc-107">
         <name>.text</name>
         <load_address>0x164ca</load_address>
         <run_address>0x164ca</run_address>
         <size>0x2a</size>
         <input_file_ref idref="fl-3a"/>
      </object_component>
      <object_component id="oc-149">
         <name>.text</name>
         <load_address>0x164f4</load_address>
         <run_address>0x164f4</run_address>
         <size>0x2a</size>
         <input_file_ref idref="fl-4a"/>
      </object_component>
      <object_component id="oc-d">
         <name>.text</name>
         <load_address>0x1651e</load_address>
         <run_address>0x1651e</run_address>
         <size>0x24</size>
         <input_file_ref idref="fl-2"/>
      </object_component>
      <object_component id="oc-12d">
         <name>.text</name>
         <load_address>0x16542</load_address>
         <run_address>0x16542</run_address>
         <size>0x22</size>
         <input_file_ref idref="fl-43"/>
      </object_component>
      <object_component id="oc-53">
         <name>.text</name>
         <load_address>0x16564</load_address>
         <run_address>0x16564</run_address>
         <size>0x1f</size>
         <input_file_ref idref="fl-e"/>
      </object_component>
      <object_component id="oc-121">
         <name>.text</name>
         <load_address>0x16583</load_address>
         <run_address>0x16583</run_address>
         <size>0x1a</size>
         <input_file_ref idref="fl-40"/>
      </object_component>
      <object_component id="oc-9b">
         <name>.text</name>
         <load_address>0x1659d</load_address>
         <run_address>0x1659d</run_address>
         <size>0x13</size>
         <input_file_ref idref="fl-22"/>
      </object_component>
      <object_component id="oc-135">
         <name>.text</name>
         <load_address>0x165b0</load_address>
         <run_address>0x165b0</run_address>
         <size>0x10</size>
         <input_file_ref idref="fl-45"/>
      </object_component>
      <object_component id="oc-3e">
         <name>.text</name>
         <load_address>0x165c0</load_address>
         <run_address>0x165c0</run_address>
         <size>0xc</size>
         <input_file_ref idref="fl-a"/>
      </object_component>
      <object_component id="oc-81">
         <name>.text</name>
         <load_address>0x165cc</load_address>
         <run_address>0x165cc</run_address>
         <size>0xa</size>
         <input_file_ref idref="fl-1c"/>
      </object_component>
      <object_component id="oc-bd">
         <name>.text</name>
         <load_address>0x165d6</load_address>
         <run_address>0x165d6</run_address>
         <size>0xa</size>
         <input_file_ref idref="fl-29"/>
      </object_component>
      <object_component id="oc-7a">
         <name>.text:CIO_breakpoint</name>
         <load_address>0x165e0</load_address>
         <run_address>0x165e0</run_address>
         <size>0x7</size>
         <input_file_ref idref="fl-1a"/>
      </object_component>
      <object_component id="oc-72">
         <name>.stack</name>
         <uninitialized>true</uninitialized>
         <run_address>0x1330</run_address>
         <size>0x0</size>
         <input_file_ref idref="fl-19"/>
      </object_component>
      <object_component id="oc-171">
         <name>.stack</name>
         <uninitialized>true</uninitialized>
         <run_address>0x1330</run_address>
         <size>0x0</size>
      </object_component>
      <object_component id="oc-159">
         <name>.sysstack</name>
         <uninitialized>true</uninitialized>
         <run_address>0x1530</run_address>
         <size>0x0</size>
         <input_file_ref idref="fl-19"/>
      </object_component>
      <object_component id="oc-173">
         <name>.sysstack</name>
         <uninitialized>true</uninitialized>
         <run_address>0x1530</run_address>
         <size>0x0</size>
      </object_component>
      <object_component id="oc-ad">
         <name>.sysmem</name>
         <uninitialized>true</uninitialized>
         <run_address>0x8000</run_address>
         <size>0x0</size>
         <input_file_ref idref="fl-25"/>
      </object_component>
      <object_component id="oc-172">
         <name>.sysmem</name>
         <uninitialized>true</uninitialized>
         <run_address>0x8000</run_address>
         <size>0x0</size>
      </object_component>
      <object_component id="oc-c8">
         <name>.cio</name>
         <uninitialized>true</uninitialized>
         <run_address>0x10f0</run_address>
         <size>0x240</size>
         <input_file_ref idref="fl-2b"/>
      </object_component>
      <object_component id="oc-18">
         <name>.bss</name>
         <uninitialized>true</uninitialized>
         <run_address>0xa630</run_address>
         <size>0x6c</size>
         <input_file_ref idref="fl-4"/>
      </object_component>
      <object_component id="oc-20">
         <name>.bss</name>
         <uninitialized>true</uninitialized>
         <run_address>0xa6d4</run_address>
         <size>0x4</size>
         <input_file_ref idref="fl-5"/>
      </object_component>
      <object_component id="oc-31">
         <name>.bss</name>
         <uninitialized>true</uninitialized>
         <run_address>0xa3d2</run_address>
         <size>0x178</size>
         <input_file_ref idref="fl-8"/>
      </object_component>
      <object_component id="oc-38">
         <name>.bss</name>
         <uninitialized>true</uninitialized>
         <run_address>0xa69c</run_address>
         <size>0x18</size>
         <input_file_ref idref="fl-9"/>
      </object_component>
      <object_component id="oc-77">
         <name>.bss</name>
         <uninitialized>true</uninitialized>
         <run_address>0xa6cc</run_address>
         <size>0x8</size>
         <input_file_ref idref="fl-1a"/>
      </object_component>
      <object_component id="oc-8a">
         <name>.bss</name>
         <uninitialized>true</uninitialized>
         <run_address>0xa62e</run_address>
         <size>0x2</size>
         <input_file_ref idref="fl-1e"/>
      </object_component>
      <object_component id="oc-a0">
         <name>.bss</name>
         <uninitialized>true</uninitialized>
         <run_address>0xa54c</run_address>
         <size>0xe2</size>
         <input_file_ref idref="fl-23"/>
      </object_component>
      <object_component id="oc-aa">
         <name>.bss</name>
         <uninitialized>true</uninitialized>
         <run_address>0xa6b4</run_address>
         <size>0xe</size>
         <input_file_ref idref="fl-25"/>
      </object_component>
      <object_component id="oc-c2">
         <name>.bss</name>
         <uninitialized>true</uninitialized>
         <run_address>0xa232</run_address>
         <size>0x1a0</size>
         <input_file_ref idref="fl-2a"/>
      </object_component>
      <object_component id="oc-da">
         <name>.bss</name>
         <uninitialized>true</uninitialized>
         <run_address>0xa6c4</run_address>
         <size>0x8</size>
         <input_file_ref idref="fl-2f"/>
      </object_component>
      <object_component id="oc-f7">
         <name>.bss</name>
         <uninitialized>true</uninitialized>
         <run_address>0xa000</run_address>
         <size>0x232</size>
         <input_file_ref idref="fl-36"/>
      </object_component>
      <object_component id="oc-103">
         <name>.bss</name>
         <uninitialized>true</uninitialized>
         <run_address>0xa54a</run_address>
         <size>0x2</size>
         <input_file_ref idref="fl-39"/>
      </object_component>
      <object_component id="oc-1b">
         <name>.const:.string</name>
         <load_address>0xc0</load_address>
         <run_address>0xc0</run_address>
         <size>0x46c</size>
         <input_file_ref idref="fl-4"/>
      </object_component>
      <object_component id="oc-27">
         <name>.const:.string</name>
         <load_address>0x52c</load_address>
         <run_address>0x52c</run_address>
         <size>0x2e8</size>
         <input_file_ref idref="fl-6"/>
      </object_component>
      <object_component id="oc-13">
         <name>.const:.string</name>
         <load_address>0x814</load_address>
         <run_address>0x814</run_address>
         <size>0x242</size>
         <input_file_ref idref="fl-3"/>
      </object_component>
      <object_component id="oc-15c">
         <name>.const:__ctypes_</name>
         <load_address>0xa56</load_address>
         <run_address>0xa56</run_address>
         <size>0x202</size>
         <input_file_ref idref="fl-35"/>
      </object_component>
      <object_component id="oc-b6">
         <name>.const:.string</name>
         <load_address>0xc58</load_address>
         <run_address>0xc58</run_address>
         <size>0xce</size>
         <input_file_ref idref="fl-27"/>
      </object_component>
      <object_component id="oc-15a">
         <name>.const:_$P$T0$1</name>
         <load_address>0xd26</load_address>
         <run_address>0xd26</run_address>
         <size>0x2</size>
         <input_file_ref idref="fl-3"/>
      </object_component>
      <object_component id="oc-e2">
         <name>.const:.string</name>
         <load_address>0xd28</load_address>
         <run_address>0xd28</run_address>
         <size>0x48</size>
         <input_file_ref idref="fl-30"/>
      </object_component>
      <object_component id="oc-e1">
         <name>.const</name>
         <load_address>0xd70</load_address>
         <run_address>0xd70</run_address>
         <size>0x18</size>
         <input_file_ref idref="fl-30"/>
      </object_component>
      <object_component id="oc-15d">
         <name>.const:_initial_approx$1</name>
         <load_address>0xd88</load_address>
         <run_address>0xd88</run_address>
         <size>0x10</size>
         <input_file_ref idref="fl-37"/>
      </object_component>
      <object_component id="oc-11a">
         <name>.const:.string</name>
         <load_address>0xd98</load_address>
         <run_address>0xd98</run_address>
         <size>0x4</size>
         <input_file_ref idref="fl-3e"/>
      </object_component>
      <object_component id="oc-15b">
         <name>.const:_$P$T1$2</name>
         <load_address>0xd9c</load_address>
         <run_address>0xd9c</run_address>
         <size>0x4</size>
         <input_file_ref idref="fl-3"/>
      </object_component>
      <object_component id="oc-111">
         <name>.const</name>
         <load_address>0xda0</load_address>
         <run_address>0xda0</run_address>
         <size>0x4</size>
         <input_file_ref idref="fl-3c"/>
      </object_component>
      <object_component id="oc-4f">
         <name>.const</name>
         <load_address>0xda4</load_address>
         <run_address>0xda4</run_address>
         <size>0x2</size>
         <input_file_ref idref="fl-d"/>
      </object_component>
      <object_component id="oc-64">
         <name>.const</name>
         <load_address>0xda6</load_address>
         <run_address>0xda6</run_address>
         <size>0x2</size>
         <input_file_ref idref="fl-11"/>
      </object_component>
      <object_component id="oc-e">
         <name>.debug_info</name>
         <load_address>0x0</load_address>
         <run_address>0x0</run_address>
         <size>0xc7</size>
         <input_file_ref idref="fl-2"/>
      </object_component>
      <object_component id="oc-12">
         <name>.debug_info</name>
         <load_address>0xc7</load_address>
         <run_address>0xc7</run_address>
         <size>0x9bb</size>
         <input_file_ref idref="fl-3"/>
      </object_component>
      <object_component id="oc-19">
         <name>.debug_info</name>
         <load_address>0xa82</load_address>
         <run_address>0xa82</run_address>
         <size>0x110c</size>
         <input_file_ref idref="fl-4"/>
      </object_component>
      <object_component id="oc-21">
         <name>.debug_info</name>
         <load_address>0x1b8e</load_address>
         <run_address>0x1b8e</run_address>
         <size>0xcd7</size>
         <input_file_ref idref="fl-5"/>
      </object_component>
      <object_component id="oc-26">
         <name>.debug_info</name>
         <load_address>0x2865</load_address>
         <run_address>0x2865</run_address>
         <size>0xe68</size>
         <input_file_ref idref="fl-6"/>
      </object_component>
      <object_component id="oc-2c">
         <name>.debug_info</name>
         <load_address>0x36cd</load_address>
         <run_address>0x36cd</run_address>
         <size>0xac9</size>
         <input_file_ref idref="fl-7"/>
      </object_component>
      <object_component id="oc-32">
         <name>.debug_info</name>
         <load_address>0x4196</load_address>
         <run_address>0x4196</run_address>
         <size>0x193d</size>
         <input_file_ref idref="fl-8"/>
      </object_component>
      <object_component id="oc-39">
         <name>.debug_info</name>
         <load_address>0x5ad3</load_address>
         <run_address>0x5ad3</run_address>
         <size>0x72b</size>
         <input_file_ref idref="fl-9"/>
      </object_component>
      <object_component id="oc-3f">
         <name>.debug_info</name>
         <load_address>0x61fe</load_address>
         <run_address>0x61fe</run_address>
         <size>0x571</size>
         <input_file_ref idref="fl-a"/>
      </object_component>
      <object_component id="oc-44">
         <name>.debug_info</name>
         <load_address>0x676f</load_address>
         <run_address>0x676f</run_address>
         <size>0x69a</size>
         <input_file_ref idref="fl-b"/>
      </object_component>
      <object_component id="oc-49">
         <name>.debug_info</name>
         <load_address>0x6e09</load_address>
         <run_address>0x6e09</run_address>
         <size>0x819</size>
         <input_file_ref idref="fl-c"/>
      </object_component>
      <object_component id="oc-4e">
         <name>.debug_info</name>
         <load_address>0x7622</load_address>
         <run_address>0x7622</run_address>
         <size>0xaf5</size>
         <input_file_ref idref="fl-d"/>
      </object_component>
      <object_component id="oc-54">
         <name>.debug_info</name>
         <load_address>0x8117</load_address>
         <run_address>0x8117</run_address>
         <size>0x623</size>
         <input_file_ref idref="fl-e"/>
      </object_component>
      <object_component id="oc-59">
         <name>.debug_info</name>
         <load_address>0x873a</load_address>
         <run_address>0x873a</run_address>
         <size>0x69a</size>
         <input_file_ref idref="fl-f"/>
      </object_component>
      <object_component id="oc-5e">
         <name>.debug_info</name>
         <load_address>0x8dd4</load_address>
         <run_address>0x8dd4</run_address>
         <size>0x819</size>
         <input_file_ref idref="fl-10"/>
      </object_component>
      <object_component id="oc-63">
         <name>.debug_info</name>
         <load_address>0x95ed</load_address>
         <run_address>0x95ed</run_address>
         <size>0xb7e</size>
         <input_file_ref idref="fl-11"/>
      </object_component>
      <object_component id="oc-69">
         <name>.debug_info</name>
         <load_address>0xa16b</load_address>
         <run_address>0xa16b</run_address>
         <size>0xe5e</size>
         <input_file_ref idref="fl-12"/>
      </object_component>
      <object_component id="oc-6e">
         <name>.debug_info</name>
         <load_address>0xafc9</load_address>
         <run_address>0xafc9</run_address>
         <size>0x5ff3</size>
         <input_file_ref idref="fl-18"/>
      </object_component>
      <object_component id="oc-73">
         <name>.debug_info</name>
         <load_address>0x10fbc</load_address>
         <run_address>0x10fbc</run_address>
         <size>0xe8</size>
         <input_file_ref idref="fl-19"/>
      </object_component>
      <object_component id="oc-78">
         <name>.debug_info</name>
         <load_address>0x110a4</load_address>
         <run_address>0x110a4</run_address>
         <size>0x5fb</size>
         <input_file_ref idref="fl-1a"/>
      </object_component>
      <object_component id="oc-7e">
         <name>.debug_info</name>
         <load_address>0x1169f</load_address>
         <run_address>0x1169f</run_address>
         <size>0x64f</size>
         <input_file_ref idref="fl-1b"/>
      </object_component>
      <object_component id="oc-82">
         <name>.debug_info</name>
         <load_address>0x11cee</load_address>
         <run_address>0x11cee</run_address>
         <size>0x55d</size>
         <input_file_ref idref="fl-1c"/>
      </object_component>
      <object_component id="oc-86">
         <name>.debug_info</name>
         <load_address>0x1224b</load_address>
         <run_address>0x1224b</run_address>
         <size>0x706</size>
         <input_file_ref idref="fl-1d"/>
      </object_component>
      <object_component id="oc-8b">
         <name>.debug_info</name>
         <load_address>0x12951</load_address>
         <run_address>0x12951</run_address>
         <size>0xa1c</size>
         <input_file_ref idref="fl-1e"/>
      </object_component>
      <object_component id="oc-90">
         <name>.debug_info</name>
         <load_address>0x1336d</load_address>
         <run_address>0x1336d</run_address>
         <size>0x771</size>
         <input_file_ref idref="fl-1f"/>
      </object_component>
      <object_component id="oc-94">
         <name>.debug_info</name>
         <load_address>0x13ade</load_address>
         <run_address>0x13ade</run_address>
         <size>0x5f7</size>
         <input_file_ref idref="fl-20"/>
      </object_component>
      <object_component id="oc-98">
         <name>.debug_info</name>
         <load_address>0x140d5</load_address>
         <run_address>0x140d5</run_address>
         <size>0x921</size>
         <input_file_ref idref="fl-21"/>
      </object_component>
      <object_component id="oc-9c">
         <name>.debug_info</name>
         <load_address>0x149f6</load_address>
         <run_address>0x149f6</run_address>
         <size>0xbd</size>
         <input_file_ref idref="fl-22"/>
      </object_component>
      <object_component id="oc-a1">
         <name>.debug_info</name>
         <load_address>0x14ab3</load_address>
         <run_address>0x14ab3</run_address>
         <size>0x144b</size>
         <input_file_ref idref="fl-23"/>
      </object_component>
      <object_component id="oc-a6">
         <name>.debug_info</name>
         <load_address>0x15efe</load_address>
         <run_address>0x15efe</run_address>
         <size>0xd1</size>
         <input_file_ref idref="fl-24"/>
      </object_component>
      <object_component id="oc-ab">
         <name>.debug_info</name>
         <load_address>0x15fcf</load_address>
         <run_address>0x15fcf</run_address>
         <size>0xba5</size>
         <input_file_ref idref="fl-25"/>
      </object_component>
      <object_component id="oc-b1">
         <name>.debug_info</name>
         <load_address>0x16b74</load_address>
         <run_address>0x16b74</run_address>
         <size>0xc5</size>
         <input_file_ref idref="fl-26"/>
      </object_component>
      <object_component id="oc-b5">
         <name>.debug_info</name>
         <load_address>0x16c39</load_address>
         <run_address>0x16c39</run_address>
         <size>0x61e</size>
         <input_file_ref idref="fl-27"/>
      </object_component>
      <object_component id="oc-ba">
         <name>.debug_info</name>
         <load_address>0x17257</load_address>
         <run_address>0x17257</run_address>
         <size>0x76c</size>
         <input_file_ref idref="fl-28"/>
      </object_component>
      <object_component id="oc-be">
         <name>.debug_info</name>
         <load_address>0x179c3</load_address>
         <run_address>0x179c3</run_address>
         <size>0x510</size>
         <input_file_ref idref="fl-29"/>
      </object_component>
      <object_component id="oc-c3">
         <name>.debug_info</name>
         <load_address>0x17ed3</load_address>
         <run_address>0x17ed3</run_address>
         <size>0xed4</size>
         <input_file_ref idref="fl-2a"/>
      </object_component>
      <object_component id="oc-c7">
         <name>.debug_info</name>
         <load_address>0x18da7</load_address>
         <run_address>0x18da7</run_address>
         <size>0x744</size>
         <input_file_ref idref="fl-2b"/>
      </object_component>
      <object_component id="oc-ce">
         <name>.debug_info</name>
         <load_address>0x194eb</load_address>
         <run_address>0x194eb</run_address>
         <size>0xbc</size>
         <input_file_ref idref="fl-2c"/>
      </object_component>
      <object_component id="oc-d2">
         <name>.debug_info</name>
         <load_address>0x195a7</load_address>
         <run_address>0x195a7</run_address>
         <size>0x6b8</size>
         <input_file_ref idref="fl-2d"/>
      </object_component>
      <object_component id="oc-d6">
         <name>.debug_info</name>
         <load_address>0x19c5f</load_address>
         <run_address>0x19c5f</run_address>
         <size>0x662</size>
         <input_file_ref idref="fl-2e"/>
      </object_component>
      <object_component id="oc-db">
         <name>.debug_info</name>
         <load_address>0x1a2c1</load_address>
         <run_address>0x1a2c1</run_address>
         <size>0x5bc</size>
         <input_file_ref idref="fl-2f"/>
      </object_component>
      <object_component id="oc-e0">
         <name>.debug_info</name>
         <load_address>0x1a87d</load_address>
         <run_address>0x1a87d</run_address>
         <size>0x27bd</size>
         <input_file_ref idref="fl-30"/>
      </object_component>
      <object_component id="oc-e6">
         <name>.debug_info</name>
         <load_address>0x1d03a</load_address>
         <run_address>0x1d03a</run_address>
         <size>0x586</size>
         <input_file_ref idref="fl-31"/>
      </object_component>
      <object_component id="oc-ea">
         <name>.debug_info</name>
         <load_address>0x1d5c0</load_address>
         <run_address>0x1d5c0</run_address>
         <size>0x5a4</size>
         <input_file_ref idref="fl-32"/>
      </object_component>
      <object_component id="oc-ee">
         <name>.debug_info</name>
         <load_address>0x1db64</load_address>
         <run_address>0x1db64</run_address>
         <size>0xcd</size>
         <input_file_ref idref="fl-33"/>
      </object_component>
      <object_component id="oc-f2">
         <name>.debug_info</name>
         <load_address>0x1dc31</load_address>
         <run_address>0x1dc31</run_address>
         <size>0x81f</size>
         <input_file_ref idref="fl-34"/>
      </object_component>
      <object_component id="oc-f5">
         <name>.debug_info</name>
         <load_address>0x1e450</load_address>
         <run_address>0x1e450</run_address>
         <size>0x498</size>
         <input_file_ref idref="fl-35"/>
      </object_component>
      <object_component id="oc-f8">
         <name>.debug_info</name>
         <load_address>0x1e8e8</load_address>
         <run_address>0x1e8e8</run_address>
         <size>0x57e</size>
         <input_file_ref idref="fl-36"/>
      </object_component>
      <object_component id="oc-fc">
         <name>.debug_info</name>
         <load_address>0x1ee66</load_address>
         <run_address>0x1ee66</run_address>
         <size>0x7e8</size>
         <input_file_ref idref="fl-37"/>
      </object_component>
      <object_component id="oc-100">
         <name>.debug_info</name>
         <load_address>0x1f64e</load_address>
         <run_address>0x1f64e</run_address>
         <size>0x534</size>
         <input_file_ref idref="fl-38"/>
      </object_component>
      <object_component id="oc-104">
         <name>.debug_info</name>
         <load_address>0x1fb82</load_address>
         <run_address>0x1fb82</run_address>
         <size>0x47b</size>
         <input_file_ref idref="fl-39"/>
      </object_component>
      <object_component id="oc-108">
         <name>.debug_info</name>
         <load_address>0x1fffd</load_address>
         <run_address>0x1fffd</run_address>
         <size>0x4cf</size>
         <input_file_ref idref="fl-3a"/>
      </object_component>
      <object_component id="oc-10c">
         <name>.debug_info</name>
         <load_address>0x204cc</load_address>
         <run_address>0x204cc</run_address>
         <size>0x534</size>
         <input_file_ref idref="fl-3b"/>
      </object_component>
      <object_component id="oc-110">
         <name>.debug_info</name>
         <load_address>0x20a00</load_address>
         <run_address>0x20a00</run_address>
         <size>0x549</size>
         <input_file_ref idref="fl-3c"/>
      </object_component>
      <object_component id="oc-115">
         <name>.debug_info</name>
         <load_address>0x20f49</load_address>
         <run_address>0x20f49</run_address>
         <size>0x6aa</size>
         <input_file_ref idref="fl-3d"/>
      </object_component>
      <object_component id="oc-119">
         <name>.debug_info</name>
         <load_address>0x215f3</load_address>
         <run_address>0x215f3</run_address>
         <size>0x942</size>
         <input_file_ref idref="fl-3e"/>
      </object_component>
      <object_component id="oc-11e">
         <name>.debug_info</name>
         <load_address>0x21f35</load_address>
         <run_address>0x21f35</run_address>
         <size>0x53e</size>
         <input_file_ref idref="fl-3f"/>
      </object_component>
      <object_component id="oc-122">
         <name>.debug_info</name>
         <load_address>0x22473</load_address>
         <run_address>0x22473</run_address>
         <size>0x680</size>
         <input_file_ref idref="fl-40"/>
      </object_component>
      <object_component id="oc-126">
         <name>.debug_info</name>
         <load_address>0x22af3</load_address>
         <run_address>0x22af3</run_address>
         <size>0x7d4</size>
         <input_file_ref idref="fl-41"/>
      </object_component>
      <object_component id="oc-12a">
         <name>.debug_info</name>
         <load_address>0x232c7</load_address>
         <run_address>0x232c7</run_address>
         <size>0x5ad</size>
         <input_file_ref idref="fl-42"/>
      </object_component>
      <object_component id="oc-12e">
         <name>.debug_info</name>
         <load_address>0x23874</load_address>
         <run_address>0x23874</run_address>
         <size>0x574</size>
         <input_file_ref idref="fl-43"/>
      </object_component>
      <object_component id="oc-132">
         <name>.debug_info</name>
         <load_address>0x23de8</load_address>
         <run_address>0x23de8</run_address>
         <size>0x55b</size>
         <input_file_ref idref="fl-44"/>
      </object_component>
      <object_component id="oc-136">
         <name>.debug_info</name>
         <load_address>0x24343</load_address>
         <run_address>0x24343</run_address>
         <size>0x4b7</size>
         <input_file_ref idref="fl-45"/>
      </object_component>
      <object_component id="oc-13a">
         <name>.debug_info</name>
         <load_address>0x247fa</load_address>
         <run_address>0x247fa</run_address>
         <size>0x4f2</size>
         <input_file_ref idref="fl-46"/>
      </object_component>
      <object_component id="oc-13e">
         <name>.debug_info</name>
         <load_address>0x24cec</load_address>
         <run_address>0x24cec</run_address>
         <size>0x534</size>
         <input_file_ref idref="fl-47"/>
      </object_component>
      <object_component id="oc-142">
         <name>.debug_info</name>
         <load_address>0x25220</load_address>
         <run_address>0x25220</run_address>
         <size>0x64a</size>
         <input_file_ref idref="fl-48"/>
      </object_component>
      <object_component id="oc-146">
         <name>.debug_info</name>
         <load_address>0x2586a</load_address>
         <run_address>0x2586a</run_address>
         <size>0x4de</size>
         <input_file_ref idref="fl-49"/>
      </object_component>
      <object_component id="oc-14a">
         <name>.debug_info</name>
         <load_address>0x25d48</load_address>
         <run_address>0x25d48</run_address>
         <size>0xef</size>
         <input_file_ref idref="fl-4a"/>
      </object_component>
      <object_component id="oc-14e">
         <name>.debug_info</name>
         <load_address>0x25e37</load_address>
         <run_address>0x25e37</run_address>
         <size>0x5ab</size>
         <input_file_ref idref="fl-4b"/>
      </object_component>
      <object_component id="oc-152">
         <name>.debug_info</name>
         <load_address>0x263e2</load_address>
         <run_address>0x263e2</run_address>
         <size>0x4f2</size>
         <input_file_ref idref="fl-4c"/>
      </object_component>
      <object_component id="oc-156">
         <name>.debug_info</name>
         <load_address>0x268d4</load_address>
         <run_address>0x268d4</run_address>
         <size>0x4d2</size>
         <input_file_ref idref="fl-4d"/>
      </object_component>
      <object_component id="oc-17c">
         <name>.debug_info</name>
         <load_address>0x26da6</load_address>
         <run_address>0x26da6</run_address>
         <size>0x6e</size>
      </object_component>
      <object_component id="oc-f">
         <name>.debug_line</name>
         <load_address>0x0</load_address>
         <run_address>0x0</run_address>
         <size>0x40</size>
         <input_file_ref idref="fl-2"/>
      </object_component>
      <object_component id="oc-15">
         <name>.debug_line</name>
         <load_address>0x40</load_address>
         <run_address>0x40</run_address>
         <size>0x78</size>
         <input_file_ref idref="fl-3"/>
      </object_component>
      <object_component id="oc-1d">
         <name>.debug_line</name>
         <load_address>0xb8</load_address>
         <run_address>0xb8</run_address>
         <size>0x193</size>
         <input_file_ref idref="fl-4"/>
      </object_component>
      <object_component id="oc-23">
         <name>.debug_line</name>
         <load_address>0x24b</load_address>
         <run_address>0x24b</run_address>
         <size>0xff</size>
         <input_file_ref idref="fl-5"/>
      </object_component>
      <object_component id="oc-29">
         <name>.debug_line</name>
         <load_address>0x34a</load_address>
         <run_address>0x34a</run_address>
         <size>0x217</size>
         <input_file_ref idref="fl-6"/>
      </object_component>
      <object_component id="oc-2e">
         <name>.debug_line</name>
         <load_address>0x561</load_address>
         <run_address>0x561</run_address>
         <size>0x19a</size>
         <input_file_ref idref="fl-7"/>
      </object_component>
      <object_component id="oc-35">
         <name>.debug_line</name>
         <load_address>0x6fb</load_address>
         <run_address>0x6fb</run_address>
         <size>0x38a</size>
         <input_file_ref idref="fl-8"/>
      </object_component>
      <object_component id="oc-3c">
         <name>.debug_line</name>
         <load_address>0xa85</load_address>
         <run_address>0xa85</run_address>
         <size>0x1f6</size>
         <input_file_ref idref="fl-9"/>
      </object_component>
      <object_component id="oc-41">
         <name>.debug_line</name>
         <load_address>0xc7b</load_address>
         <run_address>0xc7b</run_address>
         <size>0x43</size>
         <input_file_ref idref="fl-a"/>
      </object_component>
      <object_component id="oc-46">
         <name>.debug_line</name>
         <load_address>0xcbe</load_address>
         <run_address>0xcbe</run_address>
         <size>0x87</size>
         <input_file_ref idref="fl-b"/>
      </object_component>
      <object_component id="oc-4b">
         <name>.debug_line</name>
         <load_address>0xd45</load_address>
         <run_address>0xd45</run_address>
         <size>0xf9</size>
         <input_file_ref idref="fl-c"/>
      </object_component>
      <object_component id="oc-51">
         <name>.debug_line</name>
         <load_address>0xe3e</load_address>
         <run_address>0xe3e</run_address>
         <size>0x119</size>
         <input_file_ref idref="fl-d"/>
      </object_component>
      <object_component id="oc-56">
         <name>.debug_line</name>
         <load_address>0xf57</load_address>
         <run_address>0xf57</run_address>
         <size>0x90</size>
         <input_file_ref idref="fl-e"/>
      </object_component>
      <object_component id="oc-5b">
         <name>.debug_line</name>
         <load_address>0xfe7</load_address>
         <run_address>0xfe7</run_address>
         <size>0x87</size>
         <input_file_ref idref="fl-f"/>
      </object_component>
      <object_component id="oc-60">
         <name>.debug_line</name>
         <load_address>0x106e</load_address>
         <run_address>0x106e</run_address>
         <size>0xf9</size>
         <input_file_ref idref="fl-10"/>
      </object_component>
      <object_component id="oc-66">
         <name>.debug_line</name>
         <load_address>0x1167</load_address>
         <run_address>0x1167</run_address>
         <size>0x123</size>
         <input_file_ref idref="fl-11"/>
      </object_component>
      <object_component id="oc-6b">
         <name>.debug_line</name>
         <load_address>0x128a</load_address>
         <run_address>0x128a</run_address>
         <size>0x185</size>
         <input_file_ref idref="fl-12"/>
      </object_component>
      <object_component id="oc-70">
         <name>.debug_line</name>
         <load_address>0x140f</load_address>
         <run_address>0x140f</run_address>
         <size>0x2dd</size>
         <input_file_ref idref="fl-18"/>
      </object_component>
      <object_component id="oc-74">
         <name>.debug_line</name>
         <load_address>0x16ec</load_address>
         <run_address>0x16ec</run_address>
         <size>0x54</size>
         <input_file_ref idref="fl-19"/>
      </object_component>
      <object_component id="oc-7b">
         <name>.debug_line</name>
         <load_address>0x1740</load_address>
         <run_address>0x1740</run_address>
         <size>0x51</size>
         <input_file_ref idref="fl-1a"/>
      </object_component>
      <object_component id="oc-7f">
         <name>.debug_line</name>
         <load_address>0x1791</load_address>
         <run_address>0x1791</run_address>
         <size>0x3d</size>
         <input_file_ref idref="fl-1b"/>
      </object_component>
      <object_component id="oc-83">
         <name>.debug_line</name>
         <load_address>0x17ce</load_address>
         <run_address>0x17ce</run_address>
         <size>0x39</size>
         <input_file_ref idref="fl-1c"/>
      </object_component>
      <object_component id="oc-87">
         <name>.debug_line</name>
         <load_address>0x1807</load_address>
         <run_address>0x1807</run_address>
         <size>0x5b</size>
         <input_file_ref idref="fl-1d"/>
      </object_component>
      <object_component id="oc-8d">
         <name>.debug_line</name>
         <load_address>0x1862</load_address>
         <run_address>0x1862</run_address>
         <size>0xd7</size>
         <input_file_ref idref="fl-1e"/>
      </object_component>
      <object_component id="oc-91">
         <name>.debug_line</name>
         <load_address>0x1939</load_address>
         <run_address>0x1939</run_address>
         <size>0x4d</size>
         <input_file_ref idref="fl-1f"/>
      </object_component>
      <object_component id="oc-95">
         <name>.debug_line</name>
         <load_address>0x1986</load_address>
         <run_address>0x1986</run_address>
         <size>0x3c</size>
         <input_file_ref idref="fl-20"/>
      </object_component>
      <object_component id="oc-99">
         <name>.debug_line</name>
         <load_address>0x19c2</load_address>
         <run_address>0x19c2</run_address>
         <size>0x95</size>
         <input_file_ref idref="fl-21"/>
      </object_component>
      <object_component id="oc-9d">
         <name>.debug_line</name>
         <load_address>0x1a57</load_address>
         <run_address>0x1a57</run_address>
         <size>0x3c</size>
         <input_file_ref idref="fl-22"/>
      </object_component>
      <object_component id="oc-a3">
         <name>.debug_line</name>
         <load_address>0x1a93</load_address>
         <run_address>0x1a93</run_address>
         <size>0x1b0</size>
         <input_file_ref idref="fl-23"/>
      </object_component>
      <object_component id="oc-a7">
         <name>.debug_line</name>
         <load_address>0x1c43</load_address>
         <run_address>0x1c43</run_address>
         <size>0x54</size>
         <input_file_ref idref="fl-24"/>
      </object_component>
      <object_component id="oc-ae">
         <name>.debug_line</name>
         <load_address>0x1c97</load_address>
         <run_address>0x1c97</run_address>
         <size>0x112</size>
         <input_file_ref idref="fl-25"/>
      </object_component>
      <object_component id="oc-b2">
         <name>.debug_line</name>
         <load_address>0x1da9</load_address>
         <run_address>0x1da9</run_address>
         <size>0x42</size>
         <input_file_ref idref="fl-26"/>
      </object_component>
      <object_component id="oc-b7">
         <name>.debug_line</name>
         <load_address>0x1deb</load_address>
         <run_address>0x1deb</run_address>
         <size>0x3e</size>
         <input_file_ref idref="fl-27"/>
      </object_component>
      <object_component id="oc-bb">
         <name>.debug_line</name>
         <load_address>0x1e29</load_address>
         <run_address>0x1e29</run_address>
         <size>0x69</size>
         <input_file_ref idref="fl-28"/>
      </object_component>
      <object_component id="oc-bf">
         <name>.debug_line</name>
         <load_address>0x1e92</load_address>
         <run_address>0x1e92</run_address>
         <size>0x39</size>
         <input_file_ref idref="fl-29"/>
      </object_component>
      <object_component id="oc-c4">
         <name>.debug_line</name>
         <load_address>0x1ecb</load_address>
         <run_address>0x1ecb</run_address>
         <size>0x15e</size>
         <input_file_ref idref="fl-2a"/>
      </object_component>
      <object_component id="oc-ca">
         <name>.debug_line</name>
         <load_address>0x2029</load_address>
         <run_address>0x2029</run_address>
         <size>0x6a</size>
         <input_file_ref idref="fl-2b"/>
      </object_component>
      <object_component id="oc-cf">
         <name>.debug_line</name>
         <load_address>0x2093</load_address>
         <run_address>0x2093</run_address>
         <size>0x37</size>
         <input_file_ref idref="fl-2c"/>
      </object_component>
      <object_component id="oc-d3">
         <name>.debug_line</name>
         <load_address>0x20ca</load_address>
         <run_address>0x20ca</run_address>
         <size>0x4c</size>
         <input_file_ref idref="fl-2d"/>
      </object_component>
      <object_component id="oc-d7">
         <name>.debug_line</name>
         <load_address>0x2116</load_address>
         <run_address>0x2116</run_address>
         <size>0x57</size>
         <input_file_ref idref="fl-2e"/>
      </object_component>
      <object_component id="oc-dd">
         <name>.debug_line</name>
         <load_address>0x216d</load_address>
         <run_address>0x216d</run_address>
         <size>0x57</size>
         <input_file_ref idref="fl-2f"/>
      </object_component>
      <object_component id="oc-e3">
         <name>.debug_line</name>
         <load_address>0x21c4</load_address>
         <run_address>0x21c4</run_address>
         <size>0x328</size>
         <input_file_ref idref="fl-30"/>
      </object_component>
      <object_component id="oc-e7">
         <name>.debug_line</name>
         <load_address>0x24ec</load_address>
         <run_address>0x24ec</run_address>
         <size>0x41</size>
         <input_file_ref idref="fl-31"/>
      </object_component>
      <object_component id="oc-eb">
         <name>.debug_line</name>
         <load_address>0x252d</load_address>
         <run_address>0x252d</run_address>
         <size>0x46</size>
         <input_file_ref idref="fl-32"/>
      </object_component>
      <object_component id="oc-ef">
         <name>.debug_line</name>
         <load_address>0x2573</load_address>
         <run_address>0x2573</run_address>
         <size>0x55</size>
         <input_file_ref idref="fl-33"/>
      </object_component>
      <object_component id="oc-f3">
         <name>.debug_line</name>
         <load_address>0x25c8</load_address>
         <run_address>0x25c8</run_address>
         <size>0xad</size>
         <input_file_ref idref="fl-34"/>
      </object_component>
      <object_component id="oc-fd">
         <name>.debug_line</name>
         <load_address>0x2675</load_address>
         <run_address>0x2675</run_address>
         <size>0x5b</size>
         <input_file_ref idref="fl-37"/>
      </object_component>
      <object_component id="oc-101">
         <name>.debug_line</name>
         <load_address>0x26d0</load_address>
         <run_address>0x26d0</run_address>
         <size>0x44</size>
         <input_file_ref idref="fl-38"/>
      </object_component>
      <object_component id="oc-109">
         <name>.debug_line</name>
         <load_address>0x2714</load_address>
         <run_address>0x2714</run_address>
         <size>0x3d</size>
         <input_file_ref idref="fl-3a"/>
      </object_component>
      <object_component id="oc-10d">
         <name>.debug_line</name>
         <load_address>0x2751</load_address>
         <run_address>0x2751</run_address>
         <size>0x3d</size>
         <input_file_ref idref="fl-3b"/>
      </object_component>
      <object_component id="oc-112">
         <name>.debug_line</name>
         <load_address>0x278e</load_address>
         <run_address>0x278e</run_address>
         <size>0x44</size>
         <input_file_ref idref="fl-3c"/>
      </object_component>
      <object_component id="oc-116">
         <name>.debug_line</name>
         <load_address>0x27d2</load_address>
         <run_address>0x27d2</run_address>
         <size>0x56</size>
         <input_file_ref idref="fl-3d"/>
      </object_component>
      <object_component id="oc-11b">
         <name>.debug_line</name>
         <load_address>0x2828</load_address>
         <run_address>0x2828</run_address>
         <size>0xa6</size>
         <input_file_ref idref="fl-3e"/>
      </object_component>
      <object_component id="oc-11f">
         <name>.debug_line</name>
         <load_address>0x28ce</load_address>
         <run_address>0x28ce</run_address>
         <size>0x40</size>
         <input_file_ref idref="fl-3f"/>
      </object_component>
      <object_component id="oc-123">
         <name>.debug_line</name>
         <load_address>0x290e</load_address>
         <run_address>0x290e</run_address>
         <size>0x38</size>
         <input_file_ref idref="fl-40"/>
      </object_component>
      <object_component id="oc-127">
         <name>.debug_line</name>
         <load_address>0x2946</load_address>
         <run_address>0x2946</run_address>
         <size>0xa8</size>
         <input_file_ref idref="fl-41"/>
      </object_component>
      <object_component id="oc-12b">
         <name>.debug_line</name>
         <load_address>0x29ee</load_address>
         <run_address>0x29ee</run_address>
         <size>0x40</size>
         <input_file_ref idref="fl-42"/>
      </object_component>
      <object_component id="oc-12f">
         <name>.debug_line</name>
         <load_address>0x2a2e</load_address>
         <run_address>0x2a2e</run_address>
         <size>0x3a</size>
         <input_file_ref idref="fl-43"/>
      </object_component>
      <object_component id="oc-133">
         <name>.debug_line</name>
         <load_address>0x2a68</load_address>
         <run_address>0x2a68</run_address>
         <size>0x3c</size>
         <input_file_ref idref="fl-44"/>
      </object_component>
      <object_component id="oc-137">
         <name>.debug_line</name>
         <load_address>0x2aa4</load_address>
         <run_address>0x2aa4</run_address>
         <size>0x37</size>
         <input_file_ref idref="fl-45"/>
      </object_component>
      <object_component id="oc-13b">
         <name>.debug_line</name>
         <load_address>0x2adb</load_address>
         <run_address>0x2adb</run_address>
         <size>0x3c</size>
         <input_file_ref idref="fl-46"/>
      </object_component>
      <object_component id="oc-13f">
         <name>.debug_line</name>
         <load_address>0x2b17</load_address>
         <run_address>0x2b17</run_address>
         <size>0x44</size>
         <input_file_ref idref="fl-47"/>
      </object_component>
      <object_component id="oc-143">
         <name>.debug_line</name>
         <load_address>0x2b5b</load_address>
         <run_address>0x2b5b</run_address>
         <size>0x40</size>
         <input_file_ref idref="fl-48"/>
      </object_component>
      <object_component id="oc-147">
         <name>.debug_line</name>
         <load_address>0x2b9b</load_address>
         <run_address>0x2b9b</run_address>
         <size>0x37</size>
         <input_file_ref idref="fl-49"/>
      </object_component>
      <object_component id="oc-14b">
         <name>.debug_line</name>
         <load_address>0x2bd2</load_address>
         <run_address>0x2bd2</run_address>
         <size>0x58</size>
         <input_file_ref idref="fl-4a"/>
      </object_component>
      <object_component id="oc-14f">
         <name>.debug_line</name>
         <load_address>0x2c2a</load_address>
         <run_address>0x2c2a</run_address>
         <size>0x5c</size>
         <input_file_ref idref="fl-4b"/>
      </object_component>
      <object_component id="oc-153">
         <name>.debug_line</name>
         <load_address>0x2c86</load_address>
         <run_address>0x2c86</run_address>
         <size>0x3c</size>
         <input_file_ref idref="fl-4c"/>
      </object_component>
      <object_component id="oc-157">
         <name>.debug_line</name>
         <load_address>0x2cc2</load_address>
         <run_address>0x2cc2</run_address>
         <size>0x3a</size>
         <input_file_ref idref="fl-4d"/>
      </object_component>
      <object_component id="oc-10">
         <name>.debug_abbrev</name>
         <load_address>0x0</load_address>
         <run_address>0x0</run_address>
         <size>0x2c</size>
         <input_file_ref idref="fl-2"/>
      </object_component>
      <object_component id="oc-16">
         <name>.debug_abbrev</name>
         <load_address>0x2c</load_address>
         <run_address>0x2c</run_address>
         <size>0x139</size>
         <input_file_ref idref="fl-3"/>
      </object_component>
      <object_component id="oc-1e">
         <name>.debug_abbrev</name>
         <load_address>0x165</load_address>
         <run_address>0x165</run_address>
         <size>0x127</size>
         <input_file_ref idref="fl-4"/>
      </object_component>
      <object_component id="oc-24">
         <name>.debug_abbrev</name>
         <load_address>0x28c</load_address>
         <run_address>0x28c</run_address>
         <size>0x14e</size>
         <input_file_ref idref="fl-5"/>
      </object_component>
      <object_component id="oc-2a">
         <name>.debug_abbrev</name>
         <load_address>0x3da</load_address>
         <run_address>0x3da</run_address>
         <size>0xfd</size>
[...]
         <name>_USBSTK5515_ULED_toggle</name>
         <value>0x14be8</value>
         <object_component_ref idref="oc-68"/>
      </symbol>
      <symbol id="sm-287">
         <name>_USBSTK5515_LED_on</name>
         <value>0x14cb7</value>
         <object_component_ref idref="oc-68"/>
      </symbol>
      <symbol id="sm-288">
         <name>_USBSTK5515_LED_off</name>
         <value>0x14cc2</value>
         <object_component_ref idref="oc-68"/>
      </symbol>
      <symbol id="sm-289">
         <name>_USBSTK5515_ULED_on</name>
         <value>0x14c22</value>
         <object_component_ref idref="oc-68"/>
      </symbol>
      <symbol id="sm-28a">
         <name>_USBSTK5515_ULED_off</name>
         <value>0x14c56</value>
         <object_component_ref idref="oc-68"/>
      </symbol>
      <symbol id="sm-28b">
         <name>_USBSTK5515_ULED_getall</name>
         <value>0x14b2f</value>
         <object_component_ref idref="oc-68"/>
      </symbol>
      <symbol id="sm-28c">
         <name>_USBSTK5515_ULED_setall</name>
         <value>0x14b7a</value>
         <object_component_ref idref="oc-68"/>
      </symbol>
      <symbol id="sm-28d">
         <name>_USBSTK5515_ULED_init</name>
         <value>0x14c88</value>
         <object_component_ref idref="oc-68"/>
      </symbol>
      <symbol id="sm-28e">
         <name>_USBSTK5515_LED_init</name>
         <value>0x14ccd</value>
         <object_component_ref idref="oc-68"/>
      </symbol>
      <symbol id="sm-2b3">
         <name>_PLL_reset</name>
         <value>0x13d79</value>
         <object_component_ref idref="oc-6d"/>
      </symbol>
      <symbol id="sm-2b4">
         <name>_PLL_bypass</name>
         <value>0x13d2a</value>
         <object_component_ref idref="oc-6d"/>
      </symbol>
      <symbol id="sm-2b5">
         <name>_PLL_enable</name>
         <value>0x13cc3</value>
         <object_component_ref idref="oc-6d"/>
      </symbol>
      <symbol id="sm-2b6">
         <name>_PLL_config</name>
         <value>0x13b9a</value>
         <object_component_ref idref="oc-6d"/>
      </symbol>
      <symbol id="sm-2b7">
         <name>_PLL_init</name>
         <value>0x13b62</value>
         <object_component_ref idref="oc-6d"/>
      </symbol>
      <symbol id="sm-2c3">
         <name>__sysstack</name>
         <value>0x1530</value>
         <object_component_ref idref="oc-159"/>
      </symbol>
      <symbol id="sm-2c4">
         <name>_c_int00</name>
         <value>0x16496</value>
         <object_component_ref idref="oc-c"/>
      </symbol>
      <symbol id="sm-2c5">
         <name>__stack</name>
         <value>0x1330</value>
         <object_component_ref idref="oc-72"/>
      </symbol>
      <symbol id="sm-2d5">
         <name>C$$EXIT</name>
         <value>0x165e1</value>
         <object_component_ref idref="oc-7a"/>
      </symbol>
      <symbol id="sm-2d6">
         <name>_exit</name>
         <value>0x16458</value>
         <object_component_ref idref="oc-76"/>
      </symbol>
      <symbol id="sm-2d7">
         <name>_abort</name>
         <value>0x165e0</value>
         <object_component_ref idref="oc-7a"/>
      </symbol>
      <symbol id="sm-2d8">
         <name>__cleanup_ptr</name>
         <value>0xa6cc</value>
         <object_component_ref idref="oc-77"/>
      </symbol>
      <symbol id="sm-2d9">
         <name>__dtors_ptr</name>
         <value>0xa6d0</value>
         <object_component_ref idref="oc-77"/>
      </symbol>
      <symbol id="sm-2e3">
         <name>_fclose</name>
         <value>0x15e1e</value>
         <object_component_ref idref="oc-7d"/>
      </symbol>
      <symbol id="sm-2ed">
         <name>_ferror</name>
         <value>0x165cc</value>
         <object_component_ref idref="oc-81"/>
      </symbol>
      <symbol id="sm-2f7">
         <name>__doflush</name>
         <value>0x15a66</value>
         <object_component_ref idref="oc-85"/>
      </symbol>
      <symbol id="sm-2f8">
         <name>_fflush</name>
         <value>0x15ac8</value>
         <object_component_ref idref="oc-85"/>
      </symbol>
      <symbol id="sm-307">
         <name>__cleanup</name>
         <value>0x14115</value>
         <object_component_ref idref="oc-89"/>
      </symbol>
      <symbol id="sm-308">
         <name>_fopen</name>
         <value>0x14233</value>
         <object_component_ref idref="oc-89"/>
      </symbol>
      <symbol id="sm-309">
         <name>_freopen</name>
         <value>0x1416d</value>
         <object_component_ref idref="oc-89"/>
      </symbol>
      <symbol id="sm-313">
         <name>_fread</name>
         <value>0x15140</value>
         <object_component_ref idref="oc-8f"/>
      </symbol>
      <symbol id="sm-31d">
         <name>_fseek</name>
         <value>0x160d9</value>
         <object_component_ref idref="oc-93"/>
      </symbol>
      <symbol id="sm-327">
         <name>_fwrite</name>
         <value>0x1471f</value>
         <object_component_ref idref="oc-97"/>
      </symbol>
      <symbol id="sm-32f">
         <name>__mpyli</name>
         <value>0x1659d</value>
         <object_component_ref idref="oc-9b"/>
      </symbol>
      <symbol id="sm-330">
         <name>I$$LMPY</name>
         <value>0x1659d</value>
         <object_component_ref idref="oc-9b"/>
      </symbol>
      <symbol id="sm-341">
         <name>_add_device</name>
         <value>0x12e9b</value>
         <object_component_ref idref="oc-9f"/>
      </symbol>
      <symbol id="sm-342">
         <name>_rename</name>
         <value>0x12bcc</value>
         <object_component_ref idref="oc-9f"/>
      </symbol>
      <symbol id="sm-343">
         <name>_read</name>
         <value>0x12c57</value>
         <object_component_ref idref="oc-9f"/>
      </symbol>
      <symbol id="sm-344">
         <name>_unlink</name>
         <value>0x12b98</value>
         <object_component_ref idref="oc-9f"/>
      </symbol>
      <symbol id="sm-345">
         <name>_remove_device</name>
         <value>0x12c23</value>
         <object_component_ref idref="oc-9f"/>
      </symbol>
      <symbol id="sm-346">
         <name>_open</name>
         <value>0x12d01</value>
         <object_component_ref idref="oc-9f"/>
      </symbol>
      <symbol id="sm-347">
         <name>_find_registered_device</name>
         <value>0x12e22</value>
         <object_component_ref idref="oc-9f"/>
      </symbol>
      <symbol id="sm-348">
         <name>_lseek</name>
         <value>0x12dbe</value>
         <object_component_ref idref="oc-9f"/>
      </symbol>
      <symbol id="sm-349">
         <name>_close</name>
         <value>0x12e2b</value>
         <object_component_ref idref="oc-9f"/>
      </symbol>
      <symbol id="sm-34a">
         <name>_write</name>
         <value>0x12a6b</value>
         <object_component_ref idref="oc-9f"/>
      </symbol>
      <symbol id="sm-354">
         <name>_memcpy</name>
         <value>0x16201</value>
         <object_component_ref idref="oc-a5"/>
      </symbol>
      <symbol id="sm-364">
         <name>__sys_memory</name>
         <value>0x8000</value>
         <object_component_ref idref="oc-ad"/>
      </symbol>
      <symbol id="sm-365">
         <name>_chkheap</name>
         <value>0x12a17</value>
         <object_component_ref idref="oc-a9"/>
      </symbol>
      <symbol id="sm-366">
         <name>_realloc</name>
         <value>0x1277d</value>
         <object_component_ref idref="oc-a9"/>
      </symbol>
      <symbol id="sm-367">
         <name>_free_memory</name>
         <value>0x129b0</value>
         <object_component_ref idref="oc-a9"/>
      </symbol>
      <symbol id="sm-368">
         <name>_max_free</name>
         <value>0x12946</value>
         <object_component_ref idref="oc-a9"/>
      </symbol>
      <symbol id="sm-369">
         <name>_free</name>
         <value>0x12538</value>
         <object_component_ref idref="oc-a9"/>
      </symbol>
      <symbol id="sm-36a">
         <name>_calloc</name>
         <value>0x12a1f</value>
         <object_component_ref idref="oc-a9"/>
      </symbol>
      <symbol id="sm-36b">
         <name>_malloc</name>
         <value>0x1267c</value>
         <object_component_ref idref="oc-a9"/>
      </symbol>
      <symbol id="sm-36c">
         <name>_minit</name>
         <value>0x1260a</value>
         <object_component_ref idref="oc-a9"/>
      </symbol>
      <symbol id="sm-375">
         <name>_memset</name>
         <value>0x13fdf</value>
         <object_component_ref idref="oc-b0"/>
      </symbol>
      <symbol id="sm-381">
         <name>_perror</name>
         <value>0x15d08</value>
         <object_component_ref idref="oc-b4"/>
      </symbol>
      <symbol id="sm-38b">
         <name>_printf</name>
         <value>0x16257</value>
         <object_component_ref idref="oc-b9"/>
      </symbol>
      <symbol id="sm-395">
         <name>_remove</name>
         <value>0x165d6</value>
         <object_component_ref idref="oc-bd"/>
      </symbol>
      <symbol id="sm-3a1">
         <name>_HOSTopen</name>
         <value>0x12319</value>
         <object_component_ref idref="oc-c1"/>
      </symbol>
      <symbol id="sm-3a2">
         <name>_HOSTread</name>
         <value>0x1228e</value>
         <object_component_ref idref="oc-c1"/>
      </symbol>
      <symbol id="sm-3a3">
         <name>_HOSTtime</name>
         <value>0x12177</value>
         <object_component_ref idref="oc-c1"/>
      </symbol>
      <symbol id="sm-3a4">
         <name>_getenv</name>
         <value>0x12000</value>
         <object_component_ref idref="oc-c1"/>
      </symbol>
      <symbol id="sm-3a5">
         <name>_HOSTrename</name>
         <value>0x121d5</value>
         <object_component_ref idref="oc-c1"/>
      </symbol>
      <symbol id="sm-3a6">
         <name>_HOSTclock</name>
         <value>0x124da</value>
         <object_component_ref idref="oc-c1"/>
      </symbol>
      <symbol id="sm-3a7">
         <name>_HOSTwrite</name>
         <value>0x12080</value>
         <object_component_ref idref="oc-c1"/>
      </symbol>
      <symbol id="sm-3a8">
         <name>_HOSTlseek</name>
         <value>0x123ba</value>
         <object_component_ref idref="oc-c1"/>
      </symbol>
      <symbol id="sm-3a9">
         <name>_HOSTunlink</name>
         <value>0x1210b</value>
         <object_component_ref idref="oc-c1"/>
      </symbol>
      <symbol id="sm-3aa">
         <name>_HOSTclose</name>
         <value>0x1246f</value>
         <object_component_ref idref="oc-c1"/>
      </symbol>
      <symbol id="sm-3bc">
         <name>C$$IO$$</name>
         <value>0x15a61</value>
         <object_component_ref idref="oc-c9"/>
      </symbol>
      <symbol id="sm-3bd">
         <name>__CIOBUF_</name>
         <value>0x10f0</value>
         <object_component_ref idref="oc-c8"/>
      </symbol>
      <symbol id="sm-3be">
         <name>_readmsg</name>
         <value>0x1606e</value>
         <object_component_ref idref="oc-c6"/>
      </symbol>
      <symbol id="sm-3bf">
         <name>_writemsg</name>
         <value>0x159a8</value>
         <object_component_ref idref="oc-c9"/>
      </symbol>
      <symbol id="sm-3c9">
         <name>_Reset</name>
         <value>0xffff00</value>
         <object_component_ref idref="oc-cd"/>
      </symbol>
      <symbol id="sm-3d3">
         <name>__buff_read</name>
         <value>0x15b20</value>
         <object_component_ref idref="oc-d1"/>
      </symbol>
      <symbol id="sm-3dd">
         <name>__rd_ok</name>
         <value>0x1594b</value>
         <object_component_ref idref="oc-d5"/>
      </symbol>
      <symbol id="sm-3de">
         <name>__wrt_ok</name>
         <value>0x158ce</value>
         <object_component_ref idref="oc-d5"/>
      </symbol>
      <symbol id="sm-3ec">
         <name>__unlock</name>
         <value>0xa6c8</value>
         <object_component_ref idref="oc-da"/>
      </symbol>
      <symbol id="sm-3ed">
         <name>__lock</name>
         <value>0xa6c4</value>
         <object_component_ref idref="oc-da"/>
      </symbol>
      <symbol id="sm-3ee">
         <name>__register_lock</name>
         <value>0x15ff5</value>
         <object_component_ref idref="oc-d9"/>
      </symbol>
      <symbol id="sm-3ef">
         <name>__nop</name>
         <value>0x15ffd</value>
         <object_component_ref idref="oc-d9"/>
      </symbol>
      <symbol id="sm-3f0">
         <name>__register_unlock</name>
         <value>0x15fed</value>
         <object_component_ref idref="oc-d9"/>
      </symbol>
      <symbol id="sm-402">
         <name>__printfi</name>
         <value>0x11315</value>
         <object_component_ref idref="oc-df"/>
      </symbol>
      <symbol id="sm-40c">
         <name>__args_main</name>
         <value>0x1633d</value>
         <object_component_ref idref="oc-e5"/>
      </symbol>
      <symbol id="sm-40d">
         <name>__TI_args_main</name>
         <value>0x1</value>
      </symbol>
      <symbol id="sm-417">
         <name>_atoi</name>
         <value>0x161a8</value>
         <object_component_ref idref="oc-e9"/>
      </symbol>
      <symbol id="sm-41f">
         <name>_auto_init</name>
         <value>0x162a5</value>
         <object_component_ref idref="oc-ed"/>
      </symbol>
      <symbol id="sm-429">
         <name>__eqld</name>
         <value>0x14aa3</value>
         <object_component_ref idref="oc-f1"/>
      </symbol>
      <symbol id="sm-42a">
         <name>__cmpd</name>
         <value>0x14ad7</value>
         <object_component_ref idref="oc-f1"/>
      </symbol>
      <symbol id="sm-42b">
         <name>__neqd</name>
         <value>0x14945</value>
         <object_component_ref idref="oc-f1"/>
      </symbol>
      <symbol id="sm-42c">
         <name>__gtrd</name>
         <value>0x14a0e</value>
         <object_component_ref idref="oc-f1"/>
      </symbol>
      <symbol id="sm-42d">
         <name>__geqd</name>
         <value>0x14a59</value>
         <object_component_ref idref="oc-f1"/>
      </symbol>
      <symbol id="sm-42e">
         <name>__leqd</name>
         <value>0x149c1</value>
         <object_component_ref idref="oc-f1"/>
      </symbol>
      <symbol id="sm-42f">
         <name>__lssd</name>
         <value>0x14979</value>
         <object_component_ref idref="oc-f1"/>
      </symbol>
      <symbol id="sm-437">
         <name>__ctypes_</name>
         <value>0xa56</value>
         <object_component_ref idref="oc-15c"/>
      </symbol>
      <symbol id="sm-441">
         <name>__tmpnams</name>
         <value>0xa0f0</value>
         <object_component_ref idref="oc-f7"/>
      </symbol>
      <symbol id="sm-442">
         <name>__ft_end</name>
         <value>0xa230</value>
         <object_component_ref idref="oc-f7"/>
      </symbol>
      <symbol id="sm-443">
         <name>__ftable</name>
         <value>0xa000</value>
         <object_component_ref idref="oc-f7"/>
      </symbol>
      <symbol id="sm-44f">
         <name>__divd</name>
         <value>0x1348d</value>
         <object_component_ref idref="oc-fb"/>
      </symbol>
      <symbol id="sm-45a">
         <name>__divul</name>
         <value>0x15c68</value>
         <object_component_ref idref="oc-ff"/>
      </symbol>
      <symbol id="sm-464">
         <name>_errno</name>
         <value>0xa54a</value>
         <object_component_ref idref="oc-103"/>
      </symbol>
      <symbol id="sm-46e">
         <name>__fixdi</name>
         <value>0x164ca</value>
         <object_component_ref idref="oc-107"/>
      </symbol>
      <symbol id="sm-478">
         <name>__fixdli</name>
         <value>0x16000</value>
         <object_component_ref idref="oc-10b"/>
      </symbol>
      <symbol id="sm-484">
         <name>__fltlid</name>
         <value>0x16141</value>
         <object_component_ref idref="oc-10f"/>
      </symbol>
      <symbol id="sm-48e">
         <name>_putchar</name>
         <value>0x15c59</value>
         <object_component_ref idref="oc-114"/>
      </symbol>
      <symbol id="sm-48f">
         <name>_putc</name>
         <value>0x15bc6</value>
         <object_component_ref idref="oc-114"/>
      </symbol>
      <symbol id="sm-490">
         <name>_fputc</name>
         <value>0x15bc6</value>
         <object_component_ref idref="oc-114"/>
      </symbol>
      <symbol id="sm-49c">
         <name>_puts</name>
         <value>0x14fc9</value>
         <object_component_ref idref="oc-118"/>
      </symbol>
      <symbol id="sm-49d">
         <name>_fputs</name>
         <value>0x14e7a</value>
         <object_component_ref idref="oc-118"/>
      </symbol>
      <symbol id="sm-4a7">
         <name>__frcmpyd_div</name>
         <value>0x15f0a</value>
         <object_component_ref idref="oc-11d"/>
      </symbol>
      <symbol id="sm-4b1">
         <name>___isinf</name>
         <value>0x16583</value>
         <object_component_ref idref="oc-121"/>
      </symbol>
      <symbol id="sm-4bb">
         <name>__divull</name>
         <value>0x143a0</value>
         <object_component_ref idref="oc-125"/>
      </symbol>
      <symbol id="sm-4bc">
         <name>__mpylli</name>
         <value>0x142e9</value>
         <object_component_ref idref="oc-125"/>
      </symbol>
      <symbol id="sm-4bd">
         <name>__remlli</name>
         <value>0x142ba</value>
         <object_component_ref idref="oc-125"/>
      </symbol>
      <symbol id="sm-4be">
         <name>__divlli</name>
         <value>0x14494</value>
         <object_component_ref idref="oc-125"/>
      </symbol>
      <symbol id="sm-4bf">
         <name>__remull</name>
         <value>0x1426c</value>
         <object_component_ref idref="oc-125"/>
      </symbol>
      <symbol id="sm-4c9">
         <name>_ltoa</name>
         <value>0x15da5</value>
         <object_component_ref idref="oc-129"/>
      </symbol>
      <symbol id="sm-4d4">
         <name>_memccpy</name>
         <value>0x16542</value>
         <object_component_ref idref="oc-12d"/>
      </symbol>
      <symbol id="sm-4de">
         <name>__mpyd</name>
         <value>0x14ff5</value>
         <object_component_ref idref="oc-131"/>
      </symbol>
      <symbol id="sm-4e8">
         <name>__negd</name>
         <value>0x165b0</value>
         <object_component_ref idref="oc-135"/>
      </symbol>
      <symbol id="sm-4f2">
         <name>__remli</name>
         <value>0x162f2</value>
         <object_component_ref idref="oc-139"/>
      </symbol>
      <symbol id="sm-4fd">
         <name>__remul</name>
         <value>0x15f7d</value>
         <object_component_ref idref="oc-13d"/>
      </symbol>
      <symbol id="sm-507">
         <name>_setvbuf</name>
         <value>0x157db</value>
         <object_component_ref idref="oc-141"/>
      </symbol>
      <symbol id="sm-511">
         <name>__subd</name>
         <value>0x11fe8</value>
         <object_component_ref idref="oc-145"/>
      </symbol>
      <symbol id="sm-519">
         <name>__remu</name>
         <value>0x16509</value>
         <object_component_ref idref="oc-149"/>
      </symbol>
      <symbol id="sm-51a">
         <name>__divu</name>
         <value>0x164f4</value>
         <object_component_ref idref="oc-149"/>
      </symbol>
      <symbol id="sm-51b">
         <name>I$$UMOD</name>
         <value>0x16509</value>
         <object_component_ref idref="oc-149"/>
      </symbol>
      <symbol id="sm-51c">
         <name>I$$UDIV</name>
         <value>0x164f4</value>
         <object_component_ref idref="oc-149"/>
      </symbol>
      <symbol id="sm-526">
         <name>__addd</name>
         <value>0x144c8</value>
         <object_component_ref idref="oc-14d"/>
      </symbol>
      <symbol id="sm-530">
         <name>__divli</name>
         <value>0x16386</value>
         <object_component_ref idref="oc-151"/>
      </symbol>
      <symbol id="sm-53a">
         <name>__frcmpyd</name>
         <value>0x15e94</value>
         <object_component_ref idref="oc-155"/>
      </symbol>
   </symbol_table>
</link_info>
